 ehl.wxsdata.save

 Timestamp is 57b16af3 (Mon Aug 15 15:10:43 2016)

 Preferred load address is 10000000

 Start         Length     Name                   Class
 0001:00000000 00010000H .textbss                DATA
 0002:00000000 0000248dH .text$di                CODE
 0002:00002490 000179f9H .text$mn                CODE
 0002:00019e90 00002a25H .text$x                 CODE
 0002:0001c8c0 00001145H .text$yd                CODE
 0003:00000000 00000104H .CRT$XCA                DATA
 0003:00000104 0000014fH .CRT$XCU                DATA
 0003:00000254 00000104H .CRT$XCZ                DATA
 0003:00000358 00000104H .CRT$XIA                DATA
 0003:0000045c 00000104H .CRT$XIAA               DATA
 0003:00000560 00000104H .CRT$XIC                DATA
 0003:00000664 00000104H .CRT$XIZ                DATA
 0003:00000770 00002fdbH .rdata                  DATA
 0003:0000374c 0000018bH .rdata$debug            DATA
 0003:000038d8 000002d4H .rdata$r                DATA
 0003:00003bac 00000104H .rtc$IAA                DATA
 0003:00003cb0 00000104H .rtc$IZZ                DATA
 0003:00003db4 00000104H .rtc$TAA                DATA
 0003:00003eb8 00000104H .rtc$TZZ                DATA
 0003:00003fc0 00001b29H .xdata$x                DATA
 0003:00005af0 00000185H .edata                  DATA
 0004:00000000 00000289H .data                   DATA
 0004:0000028c 000001e4H .data$r                 DATA
 0004:00000470 00000dd8H .bss                    DATA
 0005:00000000 000002a0H .idata$5                DATA
 0005:000002a0 00000078H .idata$2                DATA
 0005:00000318 00000014H .idata$3                DATA
 0005:0000032c 000002a0H .idata$4                DATA
 0005:000005cc 0000090bH .idata$6                DATA
 0006:00000000 00000169H .rsrc$01                DATA
 0006:00000170 000002ccH .rsrc$02                DATA

  Address         Publics by Value              Rva+Base       Lib:Object

 0000:00000000       ___safe_se_handler_table   00000000     <absolute>
 0000:00000000       ___safe_se_handler_count   00000000     <absolute>
 0000:00000000       ___guard_flags             00000000     <absolute>
 0000:00000000       ___guard_fids_count        00000000     <absolute>
 0000:00000000       ___guard_fids_table        00000000     <absolute>
 0000:00000000       __except_list              00000000     <absolute>
 0000:00009876       __ldused                   00009876     <absolute>
 0000:00009876       __fltused                  00009876     <absolute>
 0000:00000000       ___ImageBase               10000000     <linker-defined>
 0001:00000000       __enc$textbss$begin        10001000     <linker-defined>
 0001:00010000       __enc$textbss$end          10011000     <linker-defined>
 0002:00002490       ??$?0$$QAV?$basic_string@DU?$char_traits@D@std@@V?$allocator@D@2@@std@@$$$V@?$pair@$$CBV?$basic_string@DU?$char_traits@D@std@@V?$allocator@D@2@@std@@H@std@@QAE@Upiecewise_construct_t@1@V?$tuple@$$QAV?$basic_string@DU?$char_traits@D@std@@V?$allocator@D@2@@std@@@1@V?$tuple@$$$V@1@@Z 10013490 f i ehl.ftpdata.save.obj
 0002:000024e0       ??$?0$$QAV?$basic_string@DU?$char_traits@D@std@@V?$allocator@D@2@@std@@PAPAX@?$tuple@$$QAV?$basic_string@DU?$char_traits@D@std@@V?$allocator@D@2@@std@@@std@@QAE@$$QAV01@@Z 100134e0 f i ehl.ftpdata.save.obj
 0002:00002540       ??$?0AAV?$_Tree_iterator@V?$_Tree_val@U?$_Tree_simple_types@U?$pair@$$CBV?$basic_string@DU?$char_traits@D@std@@V?$allocator@D@2@@std@@H@std@@@std@@@std@@@std@@_NX@?$pair@V?$_Tree_iterator@V?$_Tree_val@U?$_Tree_simple_types@U?$pair@$$CBV?$basic_string@DU?$char_traits@D@std@@V?$allocator@D@2@@std@@H@std@@@std@@@std@@@std@@_N@std@@QAE@AAV?$_Tree_iterator@V?$_Tree_val@U?$_Tree_simple_types@U?$pair@$$CBV?$basic_string@DU?$char_traits@D@std@@V?$allocator@D@2@@std@@H@std@@@std@@@std@@@1@$$QA_N@Z 10013540 f i ehl.ftpdata.save.obj
 0002:000025e0       ??$?0AAV?$_Tree_iterator@V?$_Tree_val@U?$_Tree_simple_types@U?$pair@$$CBV?$basic_string@DU?$char_traits@D@std@@V?$allocator@D@2@@std@@V12@@std@@@std@@@std@@@std@@_NX@?$pair@V?$_Tree_iterator@V?$_Tree_val@U?$_Tree_simple_types@U?$pair@$$CBV?$basic_string@DU?$char_traits@D@std@@V?$allocator@D@2@@std@@V12@@std@@@std@@@std@@@std@@_N@std@@QAE@AAV?$_Tree_iterator@V?$_Tree_val@U?$_Tree_simple_types@U?$pair@$$CBV?$basic_string@DU?$char_traits@D@std@@V?$allocator@D@2@@std@@V12@@std@@@std@@@std@@@1@$$QA_N@Z 100135e0 f i ehl.ftpdata.save.obj
 0002:00002680       ??$?0AAV?$basic_string@DU?$char_traits@D@std@@V?$allocator@D@2@@std@@AAPBDX@?$pair@V?$basic_string@DU?$char_traits@D@std@@V?$allocator@D@2@@std@@V12@@std@@QAE@AAV?$basic_string@DU?$char_traits@D@std@@V?$allocator@D@2@@1@AAPBD@Z 10013680 f i ehl.ftpdata.save.obj
 0002:00002720       ??$?0AAY0BAA@DAAPADX@?$pair@V?$basic_string@DU?$char_traits@D@std@@V?$allocator@D@2@@std@@V12@@std@@QAE@AAY0BAA@DAAPAD@Z 10013720 f i ehl.ftpdata.save.obj
 0002:000027c0       ??$?0U?$_Tree_node@U?$pair@$$CBV?$basic_string@DU?$char_traits@D@std@@V?$allocator@D@2@@std@@H@std@@PAX@std@@@?$allocator@U_Container_proxy@std@@@std@@QAE@ABV?$allocator@U?$_Tree_node@U?$pair@$$CBV?$basic_string@DU?$char_traits@D@std@@V?$allocator@D@2@@std@@H@std@@PAX@std@@@1@@Z 100137c0 f i ehl.ftpdata.save.obj
 0002:000027e0       ??$?0U?$_Tree_node@U?$pair@$$CBV?$basic_string@DU?$char_traits@D@std@@V?$allocator@D@2@@std@@V12@@std@@PAX@std@@@?$allocator@U_Container_proxy@std@@@std@@QAE@ABV?$allocator@U?$_Tree_node@U?$pair@$$CBV?$basic_string@DU?$char_traits@D@std@@V?$allocator@D@2@@std@@V12@@std@@PAX@std@@@1@@Z 100137e0 f i ehl.ftpdata.save.obj
 0002:00002800       ??$?0U?$_Wrap_alloc@V?$allocator@U?$_Tree_node@U?$pair@$$CBV?$basic_string@DU?$char_traits@D@std@@V?$allocator@D@2@@std@@H@std@@PAX@std@@@std@@@std@@@?$_Wrap_alloc@V?$allocator@U_Container_proxy@std@@@std@@@std@@QAE@ABU?$_Wrap_alloc@V?$allocator@U?$_Tree_node@U?$pair@$$CBV?$basic_string@DU?$char_traits@D@std@@V?$allocator@D@2@@std@@H@std@@PAX@std@@@std@@@1@@Z 10013800 f i ehl.ftpdata.save.obj
 0002:00002830       ??$?0U?$_Wrap_alloc@V?$allocator@U?$_Tree_node@U?$pair@$$CBV?$basic_string@DU?$char_traits@D@std@@V?$allocator@D@2@@std@@V12@@std@@PAX@std@@@std@@@std@@@?$_Wrap_alloc@V?$allocator@U_Container_proxy@std@@@std@@@std@@QAE@ABU?$_Wrap_alloc@V?$allocator@U?$_Tree_node@U?$pair@$$CBV?$basic_string@DU?$char_traits@D@std@@V?$allocator@D@2@@std@@V12@@std@@PAX@std@@@std@@@1@@Z 10013830 f i ehl.ftpdata.save.obj
 0002:00002860       ??$?0V?$_Tree_iterator@V?$_Tree_val@U?$_Tree_simple_types@U?$pair@$$CBV?$basic_string@DU?$char_traits@D@std@@V?$allocator@D@2@@std@@H@std@@@std@@@std@@@std@@_NX@?$pair@V?$_Tree_iterator@V?$_Tree_val@U?$_Tree_simple_types@U?$pair@$$CBV?$basic_string@DU?$char_traits@D@std@@V?$allocator@D@2@@std@@H@std@@@std@@@std@@@std@@_N@std@@QAE@$$QAV?$_Tree_iterator@V?$_Tree_val@U?$_Tree_simple_types@U?$pair@$$CBV?$basic_string@DU?$char_traits@D@std@@V?$allocator@D@2@@std@@H@std@@@std@@@std@@@1@$$QA_N@Z 10013860 f i ehl.ftpdata.save.obj
 0002:00002900       ??$?0V?$_Tree_iterator@V?$_Tree_val@U?$_Tree_simple_types@U?$pair@$$CBV?$basic_string@DU?$char_traits@D@std@@V?$allocator@D@2@@std@@V12@@std@@@std@@@std@@@std@@_NX@?$pair@V?$_Tree_iterator@V?$_Tree_val@U?$_Tree_simple_types@U?$pair@$$CBV?$basic_string@DU?$char_traits@D@std@@V?$allocator@D@2@@std@@V12@@std@@@std@@@std@@@std@@_N@std@@QAE@$$QAV?$_Tree_iterator@V?$_Tree_val@U?$_Tree_simple_types@U?$pair@$$CBV?$basic_string@DU?$char_traits@D@std@@V?$allocator@D@2@@std@@V12@@std@@@std@@@std@@@1@$$QA_N@Z 10013900 f i ehl.ftpdata.save.obj
 0002:000029a0       ??$?0V?$basic_string@DU?$char_traits@D@std@@V?$allocator@D@2@@std@@$$$VPAPAX@?$tuple@$$QAV?$basic_string@DU?$char_traits@D@std@@V?$allocator@D@2@@std@@@std@@QAE@$$QAV?$basic_string@DU?$char_traits@D@std@@V?$allocator@D@2@@1@@Z 100139a0 f i ehl.ftpdata.save.obj
 0002:000029f0       ??$?0V?$basic_string@DU?$char_traits@D@std@@V?$allocator@D@2@@std@@@?$_Tuple_val@$$QAV?$basic_string@DU?$char_traits@D@std@@V?$allocator@D@2@@std@@@std@@QAE@$$QAV?$basic_string@DU?$char_traits@D@std@@V?$allocator@D@2@@1@@Z 100139f0 f i ehl.ftpdata.save.obj
 0002:00002a30       ??$?0V?$basic_string@DU?$char_traits@D@std@@V?$allocator@D@2@@std@@V01@X@?$pair@$$CBV?$basic_string@DU?$char_traits@D@std@@V?$allocator@D@2@@std@@V12@@std@@QAE@$$QAU?$pair@V?$basic_string@DU?$char_traits@D@std@@V?$allocator@D@2@@std@@V12@@1@@Z 10013a30 f i ehl.ftpdata.save.obj
 0002:00002ad0       ??$?0V?$tuple@$$QAV?$basic_string@DU?$char_traits@D@std@@V?$allocator@D@2@@std@@@std@@V?$tuple@$$$V@1@$0A@$S@?$pair@$$CBV?$basic_string@DU?$char_traits@D@std@@V?$allocator@D@2@@std@@H@std@@QAE@AAV?$tuple@$$QAV?$basic_string@DU?$char_traits@D@std@@V?$allocator@D@2@@std@@@1@AAV?$tuple@$$$V@1@U?$_Arg_idx@$0A@@1@U?$_Arg_idx@$S@1@@Z 10013ad0 f i ehl.ftpdata.save.obj
 0002:00002b20       ??$?8DU?$char_traits@D@std@@V?$allocator@D@1@@std@@YA_NABV?$basic_string@DU?$char_traits@D@std@@V?$allocator@D@2@@0@0@Z 10013b20 f i ehl.ftpdata.save.obj
 0002:00002b60       ??$?MDU?$char_traits@D@std@@V?$allocator@D@1@@std@@YA_NABV?$basic_string@DU?$char_traits@D@std@@V?$allocator@D@2@@0@0@Z 10013b60 f i ehl.ftpdata.save.obj
 0002:00002ba0       ??$_Allocate@D@std@@YAPADIPAD@Z 10013ba0 f i ehl.ftpdata.save.obj
 0002:00002c00       ??$_Allocate@U?$_List_node@V?$basic_string@DU?$char_traits@D@std@@V?$allocator@D@2@@std@@PAX@std@@@std@@YAPAU?$_List_node@V?$basic_string@DU?$char_traits@D@std@@V?$allocator@D@2@@std@@PAX@0@IPAU10@@Z 10013c00 f i ehl.ftpdata.save.obj
 0002:00002c60       ??$_Allocate@U?$_Tree_node@U?$pair@$$CBV?$basic_string@DU?$char_traits@D@std@@V?$allocator@D@2@@std@@H@std@@PAX@std@@@std@@YAPAU?$_Tree_node@U?$pair@$$CBV?$basic_string@DU?$char_traits@D@std@@V?$allocator@D@2@@std@@H@std@@PAX@0@IPAU10@@Z 10013c60 f i ehl.ftpdata.save.obj
 0002:00002cc0       ??$_Allocate@U?$_Tree_node@U?$pair@$$CBV?$basic_string@DU?$char_traits@D@std@@V?$allocator@D@2@@std@@V12@@std@@PAX@std@@@std@@YAPAU?$_Tree_node@U?$pair@$$CBV?$basic_string@DU?$char_traits@D@std@@V?$allocator@D@2@@std@@V12@@std@@PAX@0@IPAU10@@Z 10013cc0 f i ehl.ftpdata.save.obj
 0002:00002d20       ??$_Allocate@U_Container_proxy@std@@@std@@YAPAU_Container_proxy@0@IPAU10@@Z 10013d20 f i ehl.ftpdata.save.obj
 0002:00002d80       ??$_Buynode@ABUpiecewise_construct_t@std@@V?$tuple@$$QAV?$basic_string@DU?$char_traits@D@std@@V?$allocator@D@2@@std@@@2@V?$tuple@$$$V@2@@?$_Tree_buy@U?$pair@$$CBV?$basic_string@DU?$char_traits@D@std@@V?$allocator@D@2@@std@@H@std@@V?$allocator@U?$pair@$$CBV?$basic_string@DU?$char_traits@D@std@@V?$allocator@D@2@@std@@H@std@@@2@@std@@QAEPAU?$_Tree_node@U?$pair@$$CBV?$basic_string@DU?$char_traits@D@std@@V?$allocator@D@2@@std@@H@std@@PAX@1@ABUpiecewise_construct_t@1@$$QAV?$tuple@$$QAV?$basic_string@DU?$char_traits@D@std@@V?$allocator@D@2@@std@@@1@$$QAV?$tuple@$$$V@1@@Z 10013d80 f i ehl.ftpdata.save.obj
 0002:00002ee0       ??$_Buynode@U?$pair@V?$basic_string@DU?$char_traits@D@std@@V?$allocator@D@2@@std@@V12@@std@@@?$_Tree_buy@U?$pair@$$CBV?$basic_string@DU?$char_traits@D@std@@V?$allocator@D@2@@std@@V12@@std@@V?$allocator@U?$pair@$$CBV?$basic_string@DU?$char_traits@D@std@@V?$allocator@D@2@@std@@V12@@std@@@2@@std@@QAEPAU?$_Tree_node@U?$pair@$$CBV?$basic_string@DU?$char_traits@D@std@@V?$allocator@D@2@@std@@V12@@std@@PAX@1@$$QAU?$pair@V?$basic_string@DU?$char_traits@D@std@@V?$allocator@D@2@@std@@V12@@1@@Z 10013ee0 f i ehl.ftpdata.save.obj
 0002:00003010       ??$_Buynode@V?$basic_string@DU?$char_traits@D@std@@V?$allocator@D@2@@std@@@?$_List_buy@V?$basic_string@DU?$char_traits@D@std@@V?$allocator@D@2@@std@@V?$allocator@V?$basic_string@DU?$char_traits@D@std@@V?$allocator@D@2@@std@@@2@@std@@QAEPAU?$_List_node@V?$basic_string@DU?$char_traits@D@std@@V?$allocator@D@2@@std@@PAX@1@PAU21@0$$QAV?$basic_string@DU?$char_traits@D@std@@V?$allocator@D@2@@1@@Z 10014010 f i ehl.ftpdata.save.obj
 0002:00003130       ??$_Buynode_if_nil@AAU?$pair@$$CBV?$basic_string@DU?$char_traits@D@std@@V?$allocator@D@2@@std@@H@std@@@?$_Tree@V?$_Tmap_traits@V?$basic_string@DU?$char_traits@D@std@@V?$allocator@D@2@@std@@HU?$less@V?$basic_string@DU?$char_traits@D@std@@V?$allocator@D@2@@std@@@2@V?$allocator@U?$pair@$$CBV?$basic_string@DU?$char_traits@D@std@@V?$allocator@D@2@@std@@H@std@@@2@$0A@@std@@@std@@IAEPAU?$_Tree_node@U?$pair@$$CBV?$basic_string@DU?$char_traits@D@std@@V?$allocator@D@2@@std@@H@std@@PAX@1@PAU21@AAU?$pair@$$CBV?$basic_string@DU?$char_traits@D@std@@V?$allocator@D@2@@std@@H@1@@Z 10014130 f i ehl.ftpdata.save.obj
 0002:00003150       ??$_Buynode_if_nil@AAU?$pair@$$CBV?$basic_string@DU?$char_traits@D@std@@V?$allocator@D@2@@std@@V12@@std@@@?$_Tree@V?$_Tmap_traits@V?$basic_string@DU?$char_traits@D@std@@V?$allocator@D@2@@std@@V12@U?$less@V?$basic_string@DU?$char_traits@D@std@@V?$allocator@D@2@@std@@@2@V?$allocator@U?$pair@$$CBV?$basic_string@DU?$char_traits@D@std@@V?$allocator@D@2@@std@@V12@@std@@@2@$0A@@std@@@std@@IAEPAU?$_Tree_node@U?$pair@$$CBV?$basic_string@DU?$char_traits@D@std@@V?$allocator@D@2@@std@@V12@@std@@PAX@1@PAU21@AAU?$pair@$$CBV?$basic_string@DU?$char_traits@D@std@@V?$allocator@D@2@@std@@V12@@1@@Z 10014150 f i ehl.ftpdata.save.obj
 0002:00003170       ??$_Debug_lt_pred@U?$less@V?$basic_string@DU?$char_traits@D@std@@V?$allocator@D@2@@std@@@std@@ABV?$basic_string@DU?$char_traits@D@std@@V?$allocator@D@2@@2@ABV32@@std@@YA_NU?$less@V?$basic_string@DU?$char_traits@D@std@@V?$allocator@D@2@@std@@@0@ABV?$basic_string@DU?$char_traits@D@std@@V?$allocator@D@2@@0@1PB_WI@Z 10014170 f i ehl.ftpdata.save.obj
 0002:00003210       ??$_Debug_pointer@D@std@@YAXPBDPB_WI@Z 10014210 f i ehl.ftpdata.save.obj
 0002:00003250       ??$_Insert@V?$basic_string@DU?$char_traits@D@std@@V?$allocator@D@2@@std@@@?$list@V?$basic_string@DU?$char_traits@D@std@@V?$allocator@D@2@@std@@V?$allocator@V?$basic_string@DU?$char_traits@D@std@@V?$allocator@D@2@@std@@@2@@std@@QAEXV?$_List_unchecked_const_iterator@V?$_List_val@U?$_List_simple_types@V?$basic_string@DU?$char_traits@D@std@@V?$allocator@D@2@@std@@@std@@@std@@U_Iterator_base0@2@@1@$$QAV?$basic_string@DU?$char_traits@D@std@@V?$allocator@D@2@@1@@Z 10014250 f i ehl.ftpdata.save.obj
 0002:00003300       ??$_Insert_at@AAU?$pair@$$CBV?$basic_string@DU?$char_traits@D@std@@V?$allocator@D@2@@std@@H@std@@PAU?$_Tree_node@U?$pair@$$CBV?$basic_string@DU?$char_traits@D@std@@V?$allocator@D@2@@std@@H@std@@PAX@2@@?$_Tree@V?$_Tmap_traits@V?$basic_string@DU?$char_traits@D@std@@V?$allocator@D@2@@std@@HU?$less@V?$basic_string@DU?$char_traits@D@std@@V?$allocator@D@2@@std@@@2@V?$allocator@U?$pair@$$CBV?$basic_string@DU?$char_traits@D@std@@V?$allocator@D@2@@std@@H@std@@@2@$0A@@std@@@std@@IAE?AV?$_Tree_iterator@V?$_Tree_val@U?$_Tree_simple_types@U?$pair@$$CBV?$basic_string@DU?$char_traits@D@std@@V?$allocator@D@2@@std@@H@std@@@std@@@std@@@1@_NPAU?$_Tree_node@U?$pair@$$CBV?$basic_string@DU?$char_traits@D@std@@V?$allocator@D@2@@std@@H@std@@PAX@1@AAU?$pair@$$CBV?$basic_string@DU?$char_traits@D@std@@V?$allocator@D@2@@std@@H@1@1@Z 10014300 f i ehl.ftpdata.save.obj
 0002:00003850       ??$_Insert_at@AAU?$pair@$$CBV?$basic_string@DU?$char_traits@D@std@@V?$allocator@D@2@@std@@V12@@std@@PAU?$_Tree_node@U?$pair@$$CBV?$basic_string@DU?$char_traits@D@std@@V?$allocator@D@2@@std@@V12@@std@@PAX@2@@?$_Tree@V?$_Tmap_traits@V?$basic_string@DU?$char_traits@D@std@@V?$allocator@D@2@@std@@V12@U?$less@V?$basic_string@DU?$char_traits@D@std@@V?$allocator@D@2@@std@@@2@V?$allocator@U?$pair@$$CBV?$basic_string@DU?$char_traits@D@std@@V?$allocator@D@2@@std@@V12@@std@@@2@$0A@@std@@@std@@IAE?AV?$_Tree_iterator@V?$_Tree_val@U?$_Tree_simple_types@U?$pair@$$CBV?$basic_string@DU?$char_traits@D@std@@V?$allocator@D@2@@std@@V12@@std@@@std@@@std@@@1@_NPAU?$_Tree_node@U?$pair@$$CBV?$basic_string@DU?$char_traits@D@std@@V?$allocator@D@2@@std@@V12@@std@@PAX@1@AAU?$pair@$$CBV?$basic_string@DU?$char_traits@D@std@@V?$allocator@D@2@@std@@V12@@1@1@Z 10014850 f i ehl.ftpdata.save.obj
 0002:00003da0       ??$_Insert_hint@AAU?$pair@$$CBV?$basic_string@DU?$char_traits@D@std@@V?$allocator@D@2@@std@@H@std@@PAU?$_Tree_node@U?$pair@$$CBV?$basic_string@DU?$char_traits@D@std@@V?$allocator@D@2@@std@@H@std@@PAX@2@@?$_Tree@V?$_Tmap_traits@V?$basic_string@DU?$char_traits@D@std@@V?$allocator@D@2@@std@@HU?$less@V?$basic_string@DU?$char_traits@D@std@@V?$allocator@D@2@@std@@@2@V?$allocator@U?$pair@$$CBV?$basic_string@DU?$char_traits@D@std@@V?$allocator@D@2@@std@@H@std@@@2@$0A@@std@@@std@@IAE?AV?$_Tree_iterator@V?$_Tree_val@U?$_Tree_simple_types@U?$pair@$$CBV?$basic_string@DU?$char_traits@D@std@@V?$allocator@D@2@@std@@H@std@@@std@@@std@@@1@V?$_Tree_const_iterator@V?$_Tree_val@U?$_Tree_simple_types@U?$pair@$$CBV?$basic_string@DU?$char_traits@D@std@@V?$allocator@D@2@@std@@H@std@@@std@@@std@@@1@AAU?$pair@$$CBV?$basic_string@DU?$char_traits@D@std@@V?$allocator@D@2@@std@@H@1@PAU?$_Tree_node@U?$pair@$$CBV?$basic_string@DU?$char_traits@D@std@@V?$allocator@D@2@@std@@H@std@@PAX@1@@Z 10014da0 f i ehl.ftpdata.save.obj
 0002:00005400       ??$_Insert_nohint@AAU?$pair@$$CBV?$basic_string@DU?$char_traits@D@std@@V?$allocator@D@2@@std@@H@std@@PAU?$_Tree_node@U?$pair@$$CBV?$basic_string@DU?$char_traits@D@std@@V?$allocator@D@2@@std@@H@std@@PAX@2@@?$_Tree@V?$_Tmap_traits@V?$basic_string@DU?$char_traits@D@std@@V?$allocator@D@2@@std@@HU?$less@V?$basic_string@DU?$char_traits@D@std@@V?$allocator@D@2@@std@@@2@V?$allocator@U?$pair@$$CBV?$basic_string@DU?$char_traits@D@std@@V?$allocator@D@2@@std@@H@std@@@2@$0A@@std@@@std@@IAE?AU?$pair@V?$_Tree_iterator@V?$_Tree_val@U?$_Tree_simple_types@U?$pair@$$CBV?$basic_string@DU?$char_traits@D@std@@V?$allocator@D@2@@std@@H@std@@@std@@@std@@@std@@_N@1@_NAAU?$pair@$$CBV?$basic_string@DU?$char_traits@D@std@@V?$allocator@D@2@@std@@H@1@PAU?$_Tree_node@U?$pair@$$CBV?$basic_string@DU?$char_traits@D@std@@V?$allocator@D@2@@std@@H@std@@PAX@1@@Z 10016400 f i ehl.ftpdata.save.obj
 0002:00005ab0       ??$_Insert_nohint@AAU?$pair@$$CBV?$basic_string@DU?$char_traits@D@std@@V?$allocator@D@2@@std@@V12@@std@@PAU?$_Tree_node@U?$pair@$$CBV?$basic_string@DU?$char_traits@D@std@@V?$allocator@D@2@@std@@V12@@std@@PAX@2@@?$_Tree@V?$_Tmap_traits@V?$basic_string@DU?$char_traits@D@std@@V?$allocator@D@2@@std@@V12@U?$less@V?$basic_string@DU?$char_traits@D@std@@V?$allocator@D@2@@std@@@2@V?$allocator@U?$pair@$$CBV?$basic_string@DU?$char_traits@D@std@@V?$allocator@D@2@@std@@V12@@std@@@2@$0A@@std@@@std@@IAE?AU?$pair@V?$_Tree_iterator@V?$_Tree_val@U?$_Tree_simple_types@U?$pair@$$CBV?$basic_string@DU?$char_traits@D@std@@V?$allocator@D@2@@std@@V12@@std@@@std@@@std@@@std@@_N@1@_NAAU?$pair@$$CBV?$basic_string@DU?$char_traits@D@std@@V?$allocator@D@2@@std@@V12@@1@PAU?$_Tree_node@U?$pair@$$CBV?$basic_string@DU?$char_traits@D@std@@V?$allocator@D@2@@std@@V12@@std@@PAX@1@@Z 10016ab0 f i ehl.ftpdata.save.obj
 0002:00006160       ??$_Kfn@$$CBV?$basic_string@DU?$char_traits@D@std@@V?$allocator@D@2@@std@@H@?$_Tmap_traits@V?$basic_string@DU?$char_traits@D@std@@V?$allocator@D@2@@std@@HU?$less@V?$basic_string@DU?$char_traits@D@std@@V?$allocator@D@2@@std@@@2@V?$allocator@U?$pair@$$CBV?$basic_string@DU?$char_traits@D@std@@V?$allocator@D@2@@std@@H@std@@@2@$0A@@std@@SAABV?$basic_string@DU?$char_traits@D@std@@V?$allocator@D@2@@1@ABU?$pair@$$CBV?$basic_string@DU?$char_traits@D@std@@V?$allocator@D@2@@std@@H@1@@Z 10017160 f i ehl.ftpdata.save.obj
 0002:00006180       ??$_Kfn@$$CBV?$basic_string@DU?$char_traits@D@std@@V?$allocator@D@2@@std@@V12@@?$_Tmap_traits@V?$basic_string@DU?$char_traits@D@std@@V?$allocator@D@2@@std@@V12@U?$less@V?$basic_string@DU?$char_traits@D@std@@V?$allocator@D@2@@std@@@2@V?$allocator@U?$pair@$$CBV?$basic_string@DU?$char_traits@D@std@@V?$allocator@D@2@@std@@V12@@std@@@2@$0A@@std@@SAABV?$basic_string@DU?$char_traits@D@std@@V?$allocator@D@2@@1@ABU?$pair@$$CBV?$basic_string@DU?$char_traits@D@std@@V?$allocator@D@2@@std@@V12@@1@@Z 10017180 f i ehl.ftpdata.save.obj
 0002:000061a0       ??$_Move@AAD@std@@YA$$QADAAD@Z 100171a0 f i ehl.ftpdata.save.obj
 0002:000061c0       ??$addressof@$$CBU?$pair@$$CBV?$basic_string@DU?$char_traits@D@std@@V?$allocator@D@2@@std@@V12@@std@@@std@@YAPBU?$pair@$$CBV?$basic_string@DU?$char_traits@D@std@@V?$allocator@D@2@@std@@V12@@0@ABU10@@Z 100171c0 f i ehl.ftpdata.save.obj
 0002:000061e0       ??$addressof@$$CBV?$basic_string@DU?$char_traits@D@std@@V?$allocator@D@2@@std@@@std@@YAPBV?$basic_string@DU?$char_traits@D@std@@V?$allocator@D@2@@0@ABV10@@Z 100171e0 f i ehl.ftpdata.save.obj
 0002:00006200       ??$addressof@D@std@@YAPADAAD@Z 10017200 f i ehl.ftpdata.save.obj
 0002:00006220       ??$addressof@PAU?$_List_node@V?$basic_string@DU?$char_traits@D@std@@V?$allocator@D@2@@std@@PAX@std@@@std@@YAPAPAU?$_List_node@V?$basic_string@DU?$char_traits@D@std@@V?$allocator@D@2@@std@@PAX@0@AAPAU10@@Z 10017220 f i ehl.ftpdata.save.obj
 0002:00006240       ??$addressof@PAU?$_Tree_node@U?$pair@$$CBV?$basic_string@DU?$char_traits@D@std@@V?$allocator@D@2@@std@@H@std@@PAX@std@@@std@@YAPAPAU?$_Tree_node@U?$pair@$$CBV?$basic_string@DU?$char_traits@D@std@@V?$allocator@D@2@@std@@H@std@@PAX@0@AAPAU10@@Z 10017240 f i ehl.ftpdata.save.obj
 0002:00006260       ??$addressof@PAU?$_Tree_node@U?$pair@$$CBV?$basic_string@DU?$char_traits@D@std@@V?$allocator@D@2@@std@@V12@@std@@PAX@std@@@std@@YAPAPAU?$_Tree_node@U?$pair@$$CBV?$basic_string@DU?$char_traits@D@std@@V?$allocator@D@2@@std@@V12@@std@@PAX@0@AAPAU10@@Z 10017260 f i ehl.ftpdata.save.obj
 0002:00006280       ??$addressof@U?$pair@$$CBV?$basic_string@DU?$char_traits@D@std@@V?$allocator@D@2@@std@@H@std@@@std@@YAPAU?$pair@$$CBV?$basic_string@DU?$char_traits@D@std@@V?$allocator@D@2@@std@@H@0@AAU10@@Z 10017280 f i ehl.ftpdata.save.obj
 0002:000062a0       ??$addressof@U?$pair@$$CBV?$basic_string@DU?$char_traits@D@std@@V?$allocator@D@2@@std@@V12@@std@@@std@@YAPAU?$pair@$$CBV?$basic_string@DU?$char_traits@D@std@@V?$allocator@D@2@@std@@V12@@0@AAU10@@Z 100172a0 f i ehl.ftpdata.save.obj
 0002:000062c0       ??$addressof@V?$basic_string@DU?$char_traits@D@std@@V?$allocator@D@2@@std@@@std@@YAPAV?$basic_string@DU?$char_traits@D@std@@V?$allocator@D@2@@0@AAV10@@Z 100172c0 f i ehl.ftpdata.save.obj
 0002:000062e0       ??$construct@PADAAPAD@?$_Wrap_alloc@V?$allocator@D@std@@@std@@QAEXPAPADAAPAD@Z 100172e0 f i ehl.ftpdata.save.obj
 0002:00006320       ??$construct@PADAAPAD@?$allocator@D@std@@QAEXPAPADAAPAD@Z 10017320 f i ehl.ftpdata.save.obj
 0002:000063d0       ??$construct@PADAAPAD@?$allocator_traits@V?$allocator@D@std@@@std@@SAXAAV?$allocator@D@1@PAPADAAPAD@Z 100173d0 f i ehl.ftpdata.save.obj
 0002:00006410       ??$construct@PAU?$_List_node@V?$basic_string@DU?$char_traits@D@std@@V?$allocator@D@2@@std@@PAX@std@@AAPAU12@@?$_Wrap_alloc@V?$allocator@U?$_List_node@V?$basic_string@DU?$char_traits@D@std@@V?$allocator@D@2@@std@@PAX@std@@@std@@@std@@QAEXPAPAU?$_List_node@V?$basic_string@DU?$char_traits@D@std@@V?$allocator@D@2@@std@@PAX@1@AAPAU21@@Z 10017410 f i ehl.ftpdata.save.obj
 0002:00006450       ??$construct@PAU?$_List_node@V?$basic_string@DU?$char_traits@D@std@@V?$allocator@D@2@@std@@PAX@std@@AAPAU12@@?$allocator@U?$_List_node@V?$basic_string@DU?$char_traits@D@std@@V?$allocator@D@2@@std@@PAX@std@@@std@@QAEXPAPAU?$_List_node@V?$basic_string@DU?$char_traits@D@std@@V?$allocator@D@2@@std@@PAX@1@AAPAU21@@Z 10017450 f i ehl.ftpdata.save.obj
 0002:00006500       ??$construct@PAU?$_List_node@V?$basic_string@DU?$char_traits@D@std@@V?$allocator@D@2@@std@@PAX@std@@AAPAU12@@?$allocator_traits@V?$allocator@U?$_List_node@V?$basic_string@DU?$char_traits@D@std@@V?$allocator@D@2@@std@@PAX@std@@@std@@@std@@SAXAAV?$allocator@U?$_List_node@V?$basic_string@DU?$char_traits@D@std@@V?$allocator@D@2@@std@@PAX@std@@@1@PAPAU?$_List_node@V?$basic_string@DU?$char_traits@D@std@@V?$allocator@D@2@@std@@PAX@1@AAPAU31@@Z 10017500 f i ehl.ftpdata.save.obj
 0002:00006540       ??$construct@PAU?$_Tree_node@U?$pair@$$CBV?$basic_string@DU?$char_traits@D@std@@V?$allocator@D@2@@std@@H@std@@PAX@std@@AAPAU12@@?$_Wrap_alloc@V?$allocator@U?$_Tree_node@U?$pair@$$CBV?$basic_string@DU?$char_traits@D@std@@V?$allocator@D@2@@std@@H@std@@PAX@std@@@std@@@std@@QAEXPAPAU?$_Tree_node@U?$pair@$$CBV?$basic_string@DU?$char_traits@D@std@@V?$allocator@D@2@@std@@H@std@@PAX@1@AAPAU21@@Z 10017540 f i ehl.ftpdata.save.obj
 0002:00006580       ??$construct@PAU?$_Tree_node@U?$pair@$$CBV?$basic_string@DU?$char_traits@D@std@@V?$allocator@D@2@@std@@H@std@@PAX@std@@AAPAU12@@?$allocator@U?$_Tree_node@U?$pair@$$CBV?$basic_string@DU?$char_traits@D@std@@V?$allocator@D@2@@std@@H@std@@PAX@std@@@std@@QAEXPAPAU?$_Tree_node@U?$pair@$$CBV?$basic_string@DU?$char_traits@D@std@@V?$allocator@D@2@@std@@H@std@@PAX@1@AAPAU21@@Z 10017580 f i ehl.ftpdata.save.obj
 0002:00006630       ??$construct@PAU?$_Tree_node@U?$pair@$$CBV?$basic_string@DU?$char_traits@D@std@@V?$allocator@D@2@@std@@H@std@@PAX@std@@AAPAU12@@?$allocator_traits@V?$allocator@U?$_Tree_node@U?$pair@$$CBV?$basic_string@DU?$char_traits@D@std@@V?$allocator@D@2@@std@@H@std@@PAX@std@@@std@@@std@@SAXAAV?$allocator@U?$_Tree_node@U?$pair@$$CBV?$basic_string@DU?$char_traits@D@std@@V?$allocator@D@2@@std@@H@std@@PAX@std@@@1@PAPAU?$_Tree_node@U?$pair@$$CBV?$basic_string@DU?$char_traits@D@std@@V?$allocator@D@2@@std@@H@std@@PAX@1@AAPAU31@@Z 10017630 f i ehl.ftpdata.save.obj
 0002:00006670       ??$construct@PAU?$_Tree_node@U?$pair@$$CBV?$basic_string@DU?$char_traits@D@std@@V?$allocator@D@2@@std@@V12@@std@@PAX@std@@AAPAU12@@?$_Wrap_alloc@V?$allocator@U?$_Tree_node@U?$pair@$$CBV?$basic_string@DU?$char_traits@D@std@@V?$allocator@D@2@@std@@V12@@std@@PAX@std@@@std@@@std@@QAEXPAPAU?$_Tree_node@U?$pair@$$CBV?$basic_string@DU?$char_traits@D@std@@V?$allocator@D@2@@std@@V12@@std@@PAX@1@AAPAU21@@Z 10017670 f i ehl.ftpdata.save.obj
 0002:000066b0       ??$construct@PAU?$_Tree_node@U?$pair@$$CBV?$basic_string@DU?$char_traits@D@std@@V?$allocator@D@2@@std@@V12@@std@@PAX@std@@AAPAU12@@?$allocator@U?$_Tree_node@U?$pair@$$CBV?$basic_string@DU?$char_traits@D@std@@V?$allocator@D@2@@std@@V12@@std@@PAX@std@@@std@@QAEXPAPAU?$_Tree_node@U?$pair@$$CBV?$basic_string@DU?$char_traits@D@std@@V?$allocator@D@2@@std@@V12@@std@@PAX@1@AAPAU21@@Z 100176b0 f i ehl.ftpdata.save.obj
 0002:00006760       ??$construct@PAU?$_Tree_node@U?$pair@$$CBV?$basic_string@DU?$char_traits@D@std@@V?$allocator@D@2@@std@@V12@@std@@PAX@std@@AAPAU12@@?$allocator_traits@V?$allocator@U?$_Tree_node@U?$pair@$$CBV?$basic_string@DU?$char_traits@D@std@@V?$allocator@D@2@@std@@V12@@std@@PAX@std@@@std@@@std@@SAXAAV?$allocator@U?$_Tree_node@U?$pair@$$CBV?$basic_string@DU?$char_traits@D@std@@V?$allocator@D@2@@std@@V12@@std@@PAX@std@@@1@PAPAU?$_Tree_node@U?$pair@$$CBV?$basic_string@DU?$char_traits@D@std@@V?$allocator@D@2@@std@@V12@@std@@PAX@1@AAPAU31@@Z 10017760 f i ehl.ftpdata.save.obj
 0002:000067a0       ??$construct@U?$pair@$$CBV?$basic_string@DU?$char_traits@D@std@@V?$allocator@D@2@@std@@H@std@@ABUpiecewise_construct_t@2@V?$tuple@$$QAV?$basic_string@DU?$char_traits@D@std@@V?$allocator@D@2@@std@@@2@V?$tuple@$$$V@2@@?$_Wrap_alloc@V?$allocator@U?$_Tree_node@U?$pair@$$CBV?$basic_string@DU?$char_traits@D@std@@V?$allocator@D@2@@std@@H@std@@PAX@std@@@std@@@std@@QAEXPAU?$pair@$$CBV?$basic_string@DU?$char_traits@D@std@@V?$allocator@D@2@@std@@H@1@ABUpiecewise_construct_t@1@$$QAV?$tuple@$$QAV?$basic_string@DU?$char_traits@D@std@@V?$allocator@D@2@@std@@@1@$$QAV?$tuple@$$$V@1@@Z 100177a0 f i ehl.ftpdata.save.obj
 0002:00006800       ??$construct@U?$pair@$$CBV?$basic_string@DU?$char_traits@D@std@@V?$allocator@D@2@@std@@H@std@@ABUpiecewise_construct_t@2@V?$tuple@$$QAV?$basic_string@DU?$char_traits@D@std@@V?$allocator@D@2@@std@@@2@V?$tuple@$$$V@2@@?$allocator@U?$_Tree_node@U?$pair@$$CBV?$basic_string@DU?$char_traits@D@std@@V?$allocator@D@2@@std@@H@std@@PAX@std@@@std@@QAEXPAU?$pair@$$CBV?$basic_string@DU?$char_traits@D@std@@V?$allocator@D@2@@std@@H@1@ABUpiecewise_construct_t@1@$$QAV?$tuple@$$QAV?$basic_string@DU?$char_traits@D@std@@V?$allocator@D@2@@std@@@1@$$QAV?$tuple@$$$V@1@@Z 10017800 f i ehl.ftpdata.save.obj
 0002:000068f0       ??$construct@U?$pair@$$CBV?$basic_string@DU?$char_traits@D@std@@V?$allocator@D@2@@std@@H@std@@ABUpiecewise_construct_t@2@V?$tuple@$$QAV?$basic_string@DU?$char_traits@D@std@@V?$allocator@D@2@@std@@@2@V?$tuple@$$$V@2@@?$allocator_traits@V?$allocator@U?$_Tree_node@U?$pair@$$CBV?$basic_string@DU?$char_traits@D@std@@V?$allocator@D@2@@std@@H@std@@PAX@std@@@std@@@std@@SAXAAV?$allocator@U?$_Tree_node@U?$pair@$$CBV?$basic_string@DU?$char_traits@D@std@@V?$allocator@D@2@@std@@H@std@@PAX@std@@@1@PAU?$pair@$$CBV?$basic_string@DU?$char_traits@D@std@@V?$allocator@D@2@@std@@H@1@ABUpiecewise_construct_t@1@$$QAV?$tuple@$$QAV?$basic_string@DU?$char_traits@D@std@@V?$allocator@D@2@@std@@@1@$$QAV?$tuple@$$$V@1@@Z 100178f0 f i ehl.ftpdata.save.obj
 0002:00006950       ??$construct@U?$pair@$$CBV?$basic_string@DU?$char_traits@D@std@@V?$allocator@D@2@@std@@V12@@std@@U?$pair@V?$basic_string@DU?$char_traits@D@std@@V?$allocator@D@2@@std@@V12@@2@@?$_Wrap_alloc@V?$allocator@U?$_Tree_node@U?$pair@$$CBV?$basic_string@DU?$char_traits@D@std@@V?$allocator@D@2@@std@@V12@@std@@PAX@std@@@std@@@std@@QAEXPAU?$pair@$$CBV?$basic_string@DU?$char_traits@D@std@@V?$allocator@D@2@@std@@V12@@1@$$QAU?$pair@V?$basic_string@DU?$char_traits@D@std@@V?$allocator@D@2@@std@@V12@@1@@Z 10017950 f i ehl.ftpdata.save.obj
 0002:00006990       ??$construct@U?$pair@$$CBV?$basic_string@DU?$char_traits@D@std@@V?$allocator@D@2@@std@@V12@@std@@U?$pair@V?$basic_string@DU?$char_traits@D@std@@V?$allocator@D@2@@std@@V12@@2@@?$allocator@U?$_Tree_node@U?$pair@$$CBV?$basic_string@DU?$char_traits@D@std@@V?$allocator@D@2@@std@@V12@@std@@PAX@std@@@std@@QAEXPAU?$pair@$$CBV?$basic_string@DU?$char_traits@D@std@@V?$allocator@D@2@@std@@V12@@1@$$QAU?$pair@V?$basic_string@DU?$char_traits@D@std@@V?$allocator@D@2@@std@@V12@@1@@Z 10017990 f i ehl.ftpdata.save.obj
 0002:00006a40       ??$construct@U?$pair@$$CBV?$basic_string@DU?$char_traits@D@std@@V?$allocator@D@2@@std@@V12@@std@@U?$pair@V?$basic_string@DU?$char_traits@D@std@@V?$allocator@D@2@@std@@V12@@2@@?$allocator_traits@V?$allocator@U?$_Tree_node@U?$pair@$$CBV?$basic_string@DU?$char_traits@D@std@@V?$allocator@D@2@@std@@V12@@std@@PAX@std@@@std@@@std@@SAXAAV?$allocator@U?$_Tree_node@U?$pair@$$CBV?$basic_string@DU?$char_traits@D@std@@V?$allocator@D@2@@std@@V12@@std@@PAX@std@@@1@PAU?$pair@$$CBV?$basic_string@DU?$char_traits@D@std@@V?$allocator@D@2@@std@@V12@@1@$$QAU?$pair@V?$basic_string@DU?$char_traits@D@std@@V?$allocator@D@2@@std@@V12@@1@@Z 10017a40 f i ehl.ftpdata.save.obj
 0002:00006a80       ??$construct@U_Container_proxy@std@@U12@@?$_Wrap_alloc@V?$allocator@U_Container_proxy@std@@@std@@@std@@QAEXPAU_Container_proxy@1@$$QAU21@@Z 10017a80 f i ehl.ftpdata.save.obj
 0002:00006ac0       ??$construct@U_Container_proxy@std@@U12@@?$allocator@U_Container_proxy@std@@@std@@QAEXPAU_Container_proxy@1@$$QAU21@@Z 10017ac0 f i ehl.ftpdata.save.obj
 0002:00006b80       ??$construct@U_Container_proxy@std@@U12@@?$allocator_traits@V?$allocator@U_Container_proxy@std@@@std@@@std@@SAXAAV?$allocator@U_Container_proxy@std@@@1@PAU_Container_proxy@1@$$QAU31@@Z 10017b80 f i ehl.ftpdata.save.obj
 0002:00006bc0       ??$construct@V?$basic_string@DU?$char_traits@D@std@@V?$allocator@D@2@@std@@V12@@?$_Wrap_alloc@V?$allocator@U?$_List_node@V?$basic_string@DU?$char_traits@D@std@@V?$allocator@D@2@@std@@PAX@std@@@std@@@std@@QAEXPAV?$basic_string@DU?$char_traits@D@std@@V?$allocator@D@2@@1@$$QAV21@@Z 10017bc0 f i ehl.ftpdata.save.obj
 0002:00006c00       ??$construct@V?$basic_string@DU?$char_traits@D@std@@V?$allocator@D@2@@std@@V12@@?$allocator@U?$_List_node@V?$basic_string@DU?$char_traits@D@std@@V?$allocator@D@2@@std@@PAX@std@@@std@@QAEXPAV?$basic_string@DU?$char_traits@D@std@@V?$allocator@D@2@@1@$$QAV21@@Z 10017c00 f i ehl.ftpdata.save.obj
 0002:00006cb0       ??$construct@V?$basic_string@DU?$char_traits@D@std@@V?$allocator@D@2@@std@@V12@@?$allocator_traits@V?$allocator@U?$_List_node@V?$basic_string@DU?$char_traits@D@std@@V?$allocator@D@2@@std@@PAX@std@@@std@@@std@@SAXAAV?$allocator@U?$_List_node@V?$basic_string@DU?$char_traits@D@std@@V?$allocator@D@2@@std@@PAX@std@@@1@PAV?$basic_string@DU?$char_traits@D@std@@V?$allocator@D@2@@1@$$QAV31@@Z 10017cb0 f i ehl.ftpdata.save.obj
 0002:00006cf0       ??$destroy@PAD@?$_Wrap_alloc@V?$allocator@D@std@@@std@@QAEXPAPAD@Z 10017cf0 f i ehl.ftpdata.save.obj
 0002:00006d20       ??$destroy@PAD@?$allocator@D@std@@QAEXPAPAD@Z 10017d20 f i ehl.ftpdata.save.obj
 0002:00006d40       ??$destroy@PAD@?$allocator_traits@V?$allocator@D@std@@@std@@SAXAAV?$allocator@D@1@PAPAD@Z 10017d40 f i ehl.ftpdata.save.obj
 0002:00006d70       ??$destroy@PAU?$_List_node@V?$basic_string@DU?$char_traits@D@std@@V?$allocator@D@2@@std@@PAX@std@@@?$_Wrap_alloc@V?$allocator@U?$_List_node@V?$basic_string@DU?$char_traits@D@std@@V?$allocator@D@2@@std@@PAX@std@@@std@@@std@@QAEXPAPAU?$_List_node@V?$basic_string@DU?$char_traits@D@std@@V?$allocator@D@2@@std@@PAX@1@@Z 10017d70 f i ehl.ftpdata.save.obj
 0002:00006da0       ??$destroy@PAU?$_List_node@V?$basic_string@DU?$char_traits@D@std@@V?$allocator@D@2@@std@@PAX@std@@@?$allocator@U?$_List_node@V?$basic_string@DU?$char_traits@D@std@@V?$allocator@D@2@@std@@PAX@std@@@std@@QAEXPAPAU?$_List_node@V?$basic_string@DU?$char_traits@D@std@@V?$allocator@D@2@@std@@PAX@1@@Z 10017da0 f i ehl.ftpdata.save.obj
 0002:00006dc0       ??$destroy@PAU?$_List_node@V?$basic_string@DU?$char_traits@D@std@@V?$allocator@D@2@@std@@PAX@std@@@?$allocator_traits@V?$allocator@U?$_List_node@V?$basic_string@DU?$char_traits@D@std@@V?$allocator@D@2@@std@@PAX@std@@@std@@@std@@SAXAAV?$allocator@U?$_List_node@V?$basic_string@DU?$char_traits@D@std@@V?$allocator@D@2@@std@@PAX@std@@@1@PAPAU?$_List_node@V?$basic_string@DU?$char_traits@D@std@@V?$allocator@D@2@@std@@PAX@1@@Z 10017dc0 f i ehl.ftpdata.save.obj
 0002:00006df0       ??$destroy@PAU?$_Tree_node@U?$pair@$$CBV?$basic_string@DU?$char_traits@D@std@@V?$allocator@D@2@@std@@H@std@@PAX@std@@@?$_Wrap_alloc@V?$allocator@U?$_Tree_node@U?$pair@$$CBV?$basic_string@DU?$char_traits@D@std@@V?$allocator@D@2@@std@@H@std@@PAX@std@@@std@@@std@@QAEXPAPAU?$_Tree_node@U?$pair@$$CBV?$basic_string@DU?$char_traits@D@std@@V?$allocator@D@2@@std@@H@std@@PAX@1@@Z 10017df0 f i ehl.ftpdata.save.obj
 0002:00006e20       ??$destroy@PAU?$_Tree_node@U?$pair@$$CBV?$basic_string@DU?$char_traits@D@std@@V?$allocator@D@2@@std@@H@std@@PAX@std@@@?$allocator@U?$_Tree_node@U?$pair@$$CBV?$basic_string@DU?$char_traits@D@std@@V?$allocator@D@2@@std@@H@std@@PAX@std@@@std@@QAEXPAPAU?$_Tree_node@U?$pair@$$CBV?$basic_string@DU?$char_traits@D@std@@V?$allocator@D@2@@std@@H@std@@PAX@1@@Z 10017e20 f i ehl.ftpdata.save.obj
 0002:00006e40       ??$destroy@PAU?$_Tree_node@U?$pair@$$CBV?$basic_string@DU?$char_traits@D@std@@V?$allocator@D@2@@std@@H@std@@PAX@std@@@?$allocator_traits@V?$allocator@U?$_Tree_node@U?$pair@$$CBV?$basic_string@DU?$char_traits@D@std@@V?$allocator@D@2@@std@@H@std@@PAX@std@@@std@@@std@@SAXAAV?$allocator@U?$_Tree_node@U?$pair@$$CBV?$basic_string@DU?$char_traits@D@std@@V?$allocator@D@2@@std@@H@std@@PAX@std@@@1@PAPAU?$_Tree_node@U?$pair@$$CBV?$basic_string@DU?$char_traits@D@std@@V?$allocator@D@2@@std@@H@std@@PAX@1@@Z 10017e40 f i ehl.ftpdata.save.obj
 0002:00006e70       ??$destroy@PAU?$_Tree_node@U?$pair@$$CBV?$basic_string@DU?$char_traits@D@std@@V?$allocator@D@2@@std@@V12@@std@@PAX@std@@@?$_Wrap_alloc@V?$allocator@U?$_Tree_node@U?$pair@$$CBV?$basic_string@DU?$char_traits@D@std@@V?$allocator@D@2@@std@@V12@@std@@PAX@std@@@std@@@std@@QAEXPAPAU?$_Tree_node@U?$pair@$$CBV?$basic_string@DU?$char_traits@D@std@@V?$allocator@D@2@@std@@V12@@std@@PAX@1@@Z 10017e70 f i ehl.ftpdata.save.obj
 0002:00006ea0       ??$destroy@PAU?$_Tree_node@U?$pair@$$CBV?$basic_string@DU?$char_traits@D@std@@V?$allocator@D@2@@std@@V12@@std@@PAX@std@@@?$allocator@U?$_Tree_node@U?$pair@$$CBV?$basic_string@DU?$char_traits@D@std@@V?$allocator@D@2@@std@@V12@@std@@PAX@std@@@std@@QAEXPAPAU?$_Tree_node@U?$pair@$$CBV?$basic_string@DU?$char_traits@D@std@@V?$allocator@D@2@@std@@V12@@std@@PAX@1@@Z 10017ea0 f i ehl.ftpdata.save.obj
 0002:00006ec0       ??$destroy@PAU?$_Tree_node@U?$pair@$$CBV?$basic_string@DU?$char_traits@D@std@@V?$allocator@D@2@@std@@V12@@std@@PAX@std@@@?$allocator_traits@V?$allocator@U?$_Tree_node@U?$pair@$$CBV?$basic_string@DU?$char_traits@D@std@@V?$allocator@D@2@@std@@V12@@std@@PAX@std@@@std@@@std@@SAXAAV?$allocator@U?$_Tree_node@U?$pair@$$CBV?$basic_string@DU?$char_traits@D@std@@V?$allocator@D@2@@std@@V12@@std@@PAX@std@@@1@PAPAU?$_Tree_node@U?$pair@$$CBV?$basic_string@DU?$char_traits@D@std@@V?$allocator@D@2@@std@@V12@@std@@PAX@1@@Z 10017ec0 f i ehl.ftpdata.save.obj
 0002:00006ef0       ??$destroy@U?$pair@$$CBV?$basic_string@DU?$char_traits@D@std@@V?$allocator@D@2@@std@@H@std@@@?$_Wrap_alloc@V?$allocator@U?$_Tree_node@U?$pair@$$CBV?$basic_string@DU?$char_traits@D@std@@V?$allocator@D@2@@std@@H@std@@PAX@std@@@std@@@std@@QAEXPAU?$pair@$$CBV?$basic_string@DU?$char_traits@D@std@@V?$allocator@D@2@@std@@H@1@@Z 10017ef0 f i ehl.ftpdata.save.obj
 0002:00006f20       ??$destroy@U?$pair@$$CBV?$basic_string@DU?$char_traits@D@std@@V?$allocator@D@2@@std@@H@std@@@?$allocator@U?$_Tree_node@U?$pair@$$CBV?$basic_string@DU?$char_traits@D@std@@V?$allocator@D@2@@std@@H@std@@PAX@std@@@std@@QAEXPAU?$pair@$$CBV?$basic_string@DU?$char_traits@D@std@@V?$allocator@D@2@@std@@H@1@@Z 10017f20 f i ehl.ftpdata.save.obj
 0002:00006f50       ??$destroy@U?$pair@$$CBV?$basic_string@DU?$char_traits@D@std@@V?$allocator@D@2@@std@@H@std@@@?$allocator_traits@V?$allocator@U?$_Tree_node@U?$pair@$$CBV?$basic_string@DU?$char_traits@D@std@@V?$allocator@D@2@@std@@H@std@@PAX@std@@@std@@@std@@SAXAAV?$allocator@U?$_Tree_node@U?$pair@$$CBV?$basic_string@DU?$char_traits@D@std@@V?$allocator@D@2@@std@@H@std@@PAX@std@@@1@PAU?$pair@$$CBV?$basic_string@DU?$char_traits@D@std@@V?$allocator@D@2@@std@@H@1@@Z 10017f50 f i ehl.ftpdata.save.obj
 0002:00006f80       ??$destroy@U?$pair@$$CBV?$basic_string@DU?$char_traits@D@std@@V?$allocator@D@2@@std@@V12@@std@@@?$_Wrap_alloc@V?$allocator@U?$_Tree_node@U?$pair@$$CBV?$basic_string@DU?$char_traits@D@std@@V?$allocator@D@2@@std@@V12@@std@@PAX@std@@@std@@@std@@QAEXPAU?$pair@$$CBV?$basic_string@DU?$char_traits@D@std@@V?$allocator@D@2@@std@@V12@@1@@Z 10017f80 f i ehl.ftpdata.save.obj
 0002:00006fb0       ??$destroy@U?$pair@$$CBV?$basic_string@DU?$char_traits@D@std@@V?$allocator@D@2@@std@@V12@@std@@@?$allocator@U?$_Tree_node@U?$pair@$$CBV?$basic_string@DU?$char_traits@D@std@@V?$allocator@D@2@@std@@V12@@std@@PAX@std@@@std@@QAEXPAU?$pair@$$CBV?$basic_string@DU?$char_traits@D@std@@V?$allocator@D@2@@std@@V12@@1@@Z 10017fb0 f i ehl.ftpdata.save.obj
 0002:00006fe0       ??$destroy@U?$pair@$$CBV?$basic_string@DU?$char_traits@D@std@@V?$allocator@D@2@@std@@V12@@std@@@?$allocator_traits@V?$allocator@U?$_Tree_node@U?$pair@$$CBV?$basic_string@DU?$char_traits@D@std@@V?$allocator@D@2@@std@@V12@@std@@PAX@std@@@std@@@std@@SAXAAV?$allocator@U?$_Tree_node@U?$pair@$$CBV?$basic_string@DU?$char_traits@D@std@@V?$allocator@D@2@@std@@V12@@std@@PAX@std@@@1@PAU?$pair@$$CBV?$basic_string@DU?$char_traits@D@std@@V?$allocator@D@2@@std@@V12@@1@@Z 10017fe0 f i ehl.ftpdata.save.obj
 0002:00007010       ??$destroy@U_Container_proxy@std@@@?$_Wrap_alloc@V?$allocator@U_Container_proxy@std@@@std@@@std@@QAEXPAU_Container_proxy@1@@Z 10018010 f i ehl.ftpdata.save.obj
 0002:00007040       ??$destroy@U_Container_proxy@std@@@?$allocator@U_Container_proxy@std@@@std@@QAEXPAU_Container_proxy@1@@Z 10018040 f i ehl.ftpdata.save.obj
 0002:00007060       ??$destroy@U_Container_proxy@std@@@?$allocator_traits@V?$allocator@U_Container_proxy@std@@@std@@@std@@SAXAAV?$allocator@U_Container_proxy@std@@@1@PAU_Container_proxy@1@@Z 10018060 f i ehl.ftpdata.save.obj
 0002:00007090       ??$destroy@V?$basic_string@DU?$char_traits@D@std@@V?$allocator@D@2@@std@@@?$_Wrap_alloc@V?$allocator@U?$_List_node@V?$basic_string@DU?$char_traits@D@std@@V?$allocator@D@2@@std@@PAX@std@@@std@@@std@@QAEXPAV?$basic_string@DU?$char_traits@D@std@@V?$allocator@D@2@@1@@Z 10018090 f i ehl.ftpdata.save.obj
 0002:000070c0       ??$destroy@V?$basic_string@DU?$char_traits@D@std@@V?$allocator@D@2@@std@@@?$allocator@U?$_List_node@V?$basic_string@DU?$char_traits@D@std@@V?$allocator@D@2@@std@@PAX@std@@@std@@QAEXPAV?$basic_string@DU?$char_traits@D@std@@V?$allocator@D@2@@1@@Z 100180c0 f i ehl.ftpdata.save.obj
 0002:000070f0       ??$destroy@V?$basic_string@DU?$char_traits@D@std@@V?$allocator@D@2@@std@@@?$allocator_traits@V?$allocator@U?$_List_node@V?$basic_string@DU?$char_traits@D@std@@V?$allocator@D@2@@std@@PAX@std@@@std@@@std@@SAXAAV?$allocator@U?$_List_node@V?$basic_string@DU?$char_traits@D@std@@V?$allocator@D@2@@std@@PAX@std@@@1@PAV?$basic_string@DU?$char_traits@D@std@@V?$allocator@D@2@@1@@Z 100180f0 f i ehl.ftpdata.save.obj
 0002:00007120       ??$emplace_hint@ABUpiecewise_construct_t@std@@V?$tuple@$$QAV?$basic_string@DU?$char_traits@D@std@@V?$allocator@D@2@@std@@@2@V?$tuple@$$$V@2@@?$_Tree@V?$_Tmap_traits@V?$basic_string@DU?$char_traits@D@std@@V?$allocator@D@2@@std@@HU?$less@V?$basic_string@DU?$char_traits@D@std@@V?$allocator@D@2@@std@@@2@V?$allocator@U?$pair@$$CBV?$basic_string@DU?$char_traits@D@std@@V?$allocator@D@2@@std@@H@std@@@2@$0A@@std@@@std@@QAE?AV?$_Tree_iterator@V?$_Tree_val@U?$_Tree_simple_types@U?$pair@$$CBV?$basic_string@DU?$char_traits@D@std@@V?$allocator@D@2@@std@@H@std@@@std@@@std@@@1@V?$_Tree_const_iterator@V?$_Tree_val@U?$_Tree_simple_types@U?$pair@$$CBV?$basic_string@DU?$char_traits@D@std@@V?$allocator@D@2@@std@@H@std@@@std@@@std@@@1@ABUpiecewise_construct_t@1@$$QAV?$tuple@$$QAV?$basic_string@DU?$char_traits@D@std@@V?$allocator@D@2@@std@@@1@$$QAV?$tuple@$$$V@1@@Z 10018120 f i ehl.ftpdata.save.obj
 0002:00007230       ??$forward@$$QAV?$basic_string@DU?$char_traits@D@std@@V?$allocator@D@2@@std@@@std@@YA$$QAV?$basic_string@DU?$char_traits@D@std@@V?$allocator@D@2@@0@AAV10@@Z 10018230 f i ehl.ftpdata.save.obj
 0002:00007250       ??$forward@AAPAD@std@@YAAAPADAAPAD@Z 10018250 f i ehl.ftpdata.save.obj
 0002:00007270       ??$forward@AAPAU?$_List_node@V?$basic_string@DU?$char_traits@D@std@@V?$allocator@D@2@@std@@PAX@std@@@std@@YAAAPAU?$_List_node@V?$basic_string@DU?$char_traits@D@std@@V?$allocator@D@2@@std@@PAX@0@AAPAU10@@Z 10018270 f i ehl.ftpdata.save.obj
 0002:00007290       ??$forward@AAPAU?$_Tree_node@U?$pair@$$CBV?$basic_string@DU?$char_traits@D@std@@V?$allocator@D@2@@std@@H@std@@PAX@std@@@std@@YAAAPAU?$_Tree_node@U?$pair@$$CBV?$basic_string@DU?$char_traits@D@std@@V?$allocator@D@2@@std@@H@std@@PAX@0@AAPAU10@@Z 10018290 f i ehl.ftpdata.save.obj
 0002:000072b0       ??$forward@AAPAU?$_Tree_node@U?$pair@$$CBV?$basic_string@DU?$char_traits@D@std@@V?$allocator@D@2@@std@@V12@@std@@PAX@std@@@std@@YAAAPAU?$_Tree_node@U?$pair@$$CBV?$basic_string@DU?$char_traits@D@std@@V?$allocator@D@2@@std@@V12@@std@@PAX@0@AAPAU10@@Z 100182b0 f i ehl.ftpdata.save.obj
 0002:000072d0       ??$forward@AAPBD@std@@YAAAPBDAAPBD@Z 100182d0 f i ehl.ftpdata.save.obj
 0002:000072f0       ??$forward@AAU?$pair@$$CBV?$basic_string@DU?$char_traits@D@std@@V?$allocator@D@2@@std@@H@std@@@std@@YAAAU?$pair@$$CBV?$basic_string@DU?$char_traits@D@std@@V?$allocator@D@2@@std@@H@0@AAU10@@Z 100182f0 f i ehl.ftpdata.save.obj
 0002:00007310       ??$forward@AAU?$pair@$$CBV?$basic_string@DU?$char_traits@D@std@@V?$allocator@D@2@@std@@V12@@std@@@std@@YAAAU?$pair@$$CBV?$basic_string@DU?$char_traits@D@std@@V?$allocator@D@2@@std@@V12@@0@AAU10@@Z 10018310 f i ehl.ftpdata.save.obj
 0002:00007330       ??$forward@AAV?$_Tree_iterator@V?$_Tree_val@U?$_Tree_simple_types@U?$pair@$$CBV?$basic_string@DU?$char_traits@D@std@@V?$allocator@D@2@@std@@H@std@@@std@@@std@@@std@@@std@@YAAAV?$_Tree_iterator@V?$_Tree_val@U?$_Tree_simple_types@U?$pair@$$CBV?$basic_string@DU?$char_traits@D@std@@V?$allocator@D@2@@std@@H@std@@@std@@@std@@@0@AAV10@@Z 10018330 f i ehl.ftpdata.save.obj
 0002:00007350       ??$forward@AAV?$_Tree_iterator@V?$_Tree_val@U?$_Tree_simple_types@U?$pair@$$CBV?$basic_string@DU?$char_traits@D@std@@V?$allocator@D@2@@std@@V12@@std@@@std@@@std@@@std@@@std@@YAAAV?$_Tree_iterator@V?$_Tree_val@U?$_Tree_simple_types@U?$pair@$$CBV?$basic_string@DU?$char_traits@D@std@@V?$allocator@D@2@@std@@V12@@std@@@std@@@std@@@0@AAV10@@Z 10018350 f i ehl.ftpdata.save.obj
 0002:00007370       ??$forward@AAV?$basic_string@DU?$char_traits@D@std@@V?$allocator@D@2@@std@@@std@@YAAAV?$basic_string@DU?$char_traits@D@std@@V?$allocator@D@2@@0@AAV10@@Z 10018370 f i ehl.ftpdata.save.obj
 0002:00007390       ??$forward@AAY0BAA@D@std@@YAAAY0BAA@DAAY0BAA@D@Z 10018390 f i ehl.ftpdata.save.obj
 0002:000073b0       ??$forward@ABUpiecewise_construct_t@std@@@std@@YAABUpiecewise_construct_t@0@ABU10@@Z 100183b0 f i ehl.ftpdata.save.obj
 0002:000073d0       ??$forward@ABV?$basic_string@DU?$char_traits@D@std@@V?$allocator@D@2@@std@@@std@@YAABV?$basic_string@DU?$char_traits@D@std@@V?$allocator@D@2@@0@ABV10@@Z 100183d0 f i ehl.ftpdata.save.obj
 0002:000073f0       ??$forward@U?$pair@V?$basic_string@DU?$char_traits@D@std@@V?$allocator@D@2@@std@@V12@@std@@@std@@YA$$QAU?$pair@V?$basic_string@DU?$char_traits@D@std@@V?$allocator@D@2@@std@@V12@@0@AAU10@@Z 100183f0 f i ehl.ftpdata.save.obj
 0002:00007410       ??$forward@U_Container_proxy@std@@@std@@YA$$QAU_Container_proxy@0@AAU10@@Z 10018410 f i ehl.ftpdata.save.obj
 0002:00007430       ??$forward@V?$_Tree_iterator@V?$_Tree_val@U?$_Tree_simple_types@U?$pair@$$CBV?$basic_string@DU?$char_traits@D@std@@V?$allocator@D@2@@std@@H@std@@@std@@@std@@@std@@@std@@YA$$QAV?$_Tree_iterator@V?$_Tree_val@U?$_Tree_simple_types@U?$pair@$$CBV?$basic_string@DU?$char_traits@D@std@@V?$allocator@D@2@@std@@H@std@@@std@@@std@@@0@AAV10@@Z 10018430 f i ehl.ftpdata.save.obj
 0002:00007450       ??$forward@V?$_Tree_iterator@V?$_Tree_val@U?$_Tree_simple_types@U?$pair@$$CBV?$basic_string@DU?$char_traits@D@std@@V?$allocator@D@2@@std@@V12@@std@@@std@@@std@@@std@@@std@@YA$$QAV?$_Tree_iterator@V?$_Tree_val@U?$_Tree_simple_types@U?$pair@$$CBV?$basic_string@DU?$char_traits@D@std@@V?$allocator@D@2@@std@@V12@@std@@@std@@@std@@@0@AAV10@@Z 10018450 f i ehl.ftpdata.save.obj
 0002:00007470       ??$forward@V?$basic_string@DU?$char_traits@D@std@@V?$allocator@D@2@@std@@@std@@YA$$QAV?$basic_string@DU?$char_traits@D@std@@V?$allocator@D@2@@0@AAV10@@Z 10018470 f i ehl.ftpdata.save.obj
 0002:00007490       ??$forward@V?$tuple@$$$V@std@@@std@@YA$$QAV?$tuple@$$$V@0@AAV10@@Z 10018490 f i ehl.ftpdata.save.obj
 0002:000074b0       ??$forward@V?$tuple@$$QAV?$basic_string@DU?$char_traits@D@std@@V?$allocator@D@2@@std@@@std@@@std@@YA$$QAV?$tuple@$$QAV?$basic_string@DU?$char_traits@D@std@@V?$allocator@D@2@@std@@@0@AAV10@@Z 100184b0 f i ehl.ftpdata.save.obj
 0002:000074d0       ??$forward@_N@std@@YA$$QA_NAA_N@Z 100184d0 f i ehl.ftpdata.save.obj
 0002:000074f0       ??$forward_as_tuple@V?$basic_string@DU?$char_traits@D@std@@V?$allocator@D@2@@std@@@std@@YA?AV?$tuple@$$QAV?$basic_string@DU?$char_traits@D@std@@V?$allocator@D@2@@std@@@0@$$QAV?$basic_string@DU?$char_traits@D@std@@V?$allocator@D@2@@0@@Z 100184f0 f i ehl.ftpdata.save.obj
 0002:00007530       ??$get@$0A@$$QAV?$basic_string@DU?$char_traits@D@std@@V?$allocator@D@2@@std@@@std@@YA$$QAV?$basic_string@DU?$char_traits@D@std@@V?$allocator@D@2@@0@$$QAV?$tuple@$$QAV?$basic_string@DU?$char_traits@D@std@@V?$allocator@D@2@@std@@@0@@Z 10018530 f i ehl.ftpdata.save.obj
 0002:00007560       ??$insert@U?$pair@V?$basic_string@DU?$char_traits@D@std@@V?$allocator@D@2@@std@@V12@@std@@@?$_Tree@V?$_Tmap_traits@V?$basic_string@DU?$char_traits@D@std@@V?$allocator@D@2@@std@@V12@U?$less@V?$basic_string@DU?$char_traits@D@std@@V?$allocator@D@2@@std@@@2@V?$allocator@U?$pair@$$CBV?$basic_string@DU?$char_traits@D@std@@V?$allocator@D@2@@std@@V12@@std@@@2@$0A@@std@@@std@@QAE?AU?$pair@V?$_Tree_iterator@V?$_Tree_val@U?$_Tree_simple_types@U?$pair@$$CBV?$basic_string@DU?$char_traits@D@std@@V?$allocator@D@2@@std@@V12@@std@@@std@@@std@@@std@@_N@1@$$QAU?$pair@V?$basic_string@DU?$char_traits@D@std@@V?$allocator@D@2@@std@@V12@@1@@Z 10018560 f i ehl.ftpdata.save.obj
 0002:000075e0       ??$move@AAV?$basic_string@DU?$char_traits@D@std@@V?$allocator@D@2@@std@@@std@@YA$$QAV?$basic_string@DU?$char_traits@D@std@@V?$allocator@D@2@@0@AAV10@@Z 100185e0 f i ehl.ftpdata.save.obj
 0002:00007600       ??$move@AAV?$tuple@$$QAV?$basic_string@DU?$char_traits@D@std@@V?$allocator@D@2@@std@@@std@@@std@@YA$$QAV?$tuple@$$QAV?$basic_string@DU?$char_traits@D@std@@V?$allocator@D@2@@std@@@0@AAV10@@Z 10018600 f i ehl.ftpdata.save.obj
 0002:00007620       ??$swap@D@std@@YAXAAD0@Z   10018620 f i ehl.ftpdata.save.obj
 0002:00007680       ??0?$_Iterator012@Ubidirectional_iterator_tag@std@@U?$pair@$$CBV?$basic_string@DU?$char_traits@D@std@@V?$allocator@D@2@@std@@H@2@HPBU32@ABU32@U_Iterator_base12@2@@std@@QAE@ABU01@@Z 10018680 f i ehl.ftpdata.save.obj
 0002:000076b0       ??0?$_Iterator012@Ubidirectional_iterator_tag@std@@U?$pair@$$CBV?$basic_string@DU?$char_traits@D@std@@V?$allocator@D@2@@std@@H@2@HPBU32@ABU32@U_Iterator_base12@2@@std@@QAE@XZ 100186b0 f i ehl.ftpdata.save.obj
 0002:000076e0       ??0?$_Iterator012@Ubidirectional_iterator_tag@std@@U?$pair@$$CBV?$basic_string@DU?$char_traits@D@std@@V?$allocator@D@2@@std@@V12@@2@HPBU32@ABU32@U_Iterator_base12@2@@std@@QAE@ABU01@@Z 100186e0 f i ehl.ftpdata.save.obj
 0002:00007710       ??0?$_Iterator012@Ubidirectional_iterator_tag@std@@U?$pair@$$CBV?$basic_string@DU?$char_traits@D@std@@V?$allocator@D@2@@std@@V12@@2@HPBU32@ABU32@U_Iterator_base12@2@@std@@QAE@XZ 10018710 f i ehl.ftpdata.save.obj
 0002:00007740       ??0?$_Iterator012@Ubidirectional_iterator_tag@std@@V?$basic_string@DU?$char_traits@D@std@@V?$allocator@D@2@@2@HPBV32@ABV32@U_Iterator_base12@2@@std@@QAE@ABU01@@Z 10018740 f i ehl.ftpdata.save.obj
 0002:00007770       ??0?$_Iterator012@Ubidirectional_iterator_tag@std@@V?$basic_string@DU?$char_traits@D@std@@V?$allocator@D@2@@2@HPBV32@ABV32@U_Iterator_base12@2@@std@@QAE@XZ 10018770 f i ehl.ftpdata.save.obj
 0002:000077a0       ??0?$_List_alloc@$0A@U?$_List_base_types@V?$basic_string@DU?$char_traits@D@std@@V?$allocator@D@2@@std@@V?$allocator@V?$basic_string@DU?$char_traits@D@std@@V?$allocator@D@2@@std@@@2@@std@@@std@@QAE@ABV?$allocator@V?$basic_string@DU?$char_traits@D@std@@V?$allocator@D@2@@std@@@1@@Z 100187a0 f i ehl.ftpdata.save.obj
 0002:00007870       ??0?$_List_buy@V?$basic_string@DU?$char_traits@D@std@@V?$allocator@D@2@@std@@V?$allocator@V?$basic_string@DU?$char_traits@D@std@@V?$allocator@D@2@@std@@@2@@std@@QAE@ABV?$allocator@V?$basic_string@DU?$char_traits@D@std@@V?$allocator@D@2@@std@@@1@@Z 10018870 f i ehl.ftpdata.save.obj
 0002:000078a0       ??0?$_List_const_iterator@V?$_List_val@U?$_List_simple_types@V?$basic_string@DU?$char_traits@D@std@@V?$allocator@D@2@@std@@@std@@@std@@@std@@QAE@ABV01@@Z 100188a0 f i ehl.ftpdata.save.obj
 0002:000078d0       ??0?$_List_const_iterator@V?$_List_val@U?$_List_simple_types@V?$basic_string@DU?$char_traits@D@std@@V?$allocator@D@2@@std@@@std@@@std@@@std@@QAE@PAU?$_List_node@V?$basic_string@DU?$char_traits@D@std@@V?$allocator@D@2@@std@@PAX@1@PBV?$_List_val@U?$_List_simple_types@V?$basic_string@DU?$char_traits@D@std@@V?$allocator@D@2@@std@@@std@@@1@@Z 100188d0 f i ehl.ftpdata.save.obj
 0002:00007910       ??0?$_List_iterator@V?$_List_val@U?$_List_simple_types@V?$basic_string@DU?$char_traits@D@std@@V?$allocator@D@2@@std@@@std@@@std@@@std@@QAE@ABV01@@Z 10018910 f i ehl.ftpdata.save.obj
 0002:00007940       ??0?$_List_iterator@V?$_List_val@U?$_List_simple_types@V?$basic_string@DU?$char_traits@D@std@@V?$allocator@D@2@@std@@@std@@@std@@@std@@QAE@PAU?$_List_node@V?$basic_string@DU?$char_traits@D@std@@V?$allocator@D@2@@std@@PAX@1@PBV?$_List_val@U?$_List_simple_types@V?$basic_string@DU?$char_traits@D@std@@V?$allocator@D@2@@std@@@std@@@1@@Z 10018940 f i ehl.ftpdata.save.obj
 0002:00007980       ??0?$_List_unchecked_const_iterator@V?$_List_val@U?$_List_simple_types@V?$basic_string@DU?$char_traits@D@std@@V?$allocator@D@2@@std@@@std@@@std@@U_Iterator_base0@2@@std@@QAE@PAU?$_List_node@V?$basic_string@DU?$char_traits@D@std@@V?$allocator@D@2@@std@@PAX@1@PBV?$_List_val@U?$_List_simple_types@V?$basic_string@DU?$char_traits@D@std@@V?$allocator@D@2@@std@@@std@@@1@@Z 10018980 f i ehl.ftpdata.save.obj
 0002:000079c0       ??0?$_List_unchecked_const_iterator@V?$_List_val@U?$_List_simple_types@V?$basic_string@DU?$char_traits@D@std@@V?$allocator@D@2@@std@@@std@@@std@@U_Iterator_base12@2@@std@@QAE@ABV01@@Z 100189c0 f i ehl.ftpdata.save.obj
 0002:00007a00       ??0?$_List_unchecked_const_iterator@V?$_List_val@U?$_List_simple_types@V?$basic_string@DU?$char_traits@D@std@@V?$allocator@D@2@@std@@@std@@@std@@U_Iterator_base12@2@@std@@QAE@PAU?$_List_node@V?$basic_string@DU?$char_traits@D@std@@V?$allocator@D@2@@std@@PAX@1@PBV?$_List_val@U?$_List_simple_types@V?$basic_string@DU?$char_traits@D@std@@V?$allocator@D@2@@std@@@std@@@1@@Z 10018a00 f i ehl.ftpdata.save.obj
 0002:00007a90       ??0?$_List_unchecked_iterator@V?$_List_val@U?$_List_simple_types@V?$basic_string@DU?$char_traits@D@std@@V?$allocator@D@2@@std@@@std@@@std@@@std@@QAE@PAU?$_List_node@V?$basic_string@DU?$char_traits@D@std@@V?$allocator@D@2@@std@@PAX@1@PBV?$_List_val@U?$_List_simple_types@V?$basic_string@DU?$char_traits@D@std@@V?$allocator@D@2@@std@@@std@@@1@@Z 10018a90 f i ehl.ftpdata.save.obj
 0002:00007ad0       ??0?$_List_val@U?$_List_simple_types@V?$basic_string@DU?$char_traits@D@std@@V?$allocator@D@2@@std@@@std@@@std@@QAE@XZ 10018ad0 f i ehl.ftpdata.save.obj
 0002:00007b10       ??0?$_String_alloc@$0A@U?$_String_base_types@DV?$allocator@D@std@@@std@@@std@@QAE@ABV?$allocator@D@1@@Z 10018b10 f i ehl.ftpdata.save.obj
 0002:00007b90       ??0?$_String_val@U?$_Simple_types@D@std@@@std@@QAE@XZ 10018b90 f i ehl.ftpdata.save.obj
 0002:00007bd0       ??0?$_Tree@V?$_Tmap_traits@V?$basic_string@DU?$char_traits@D@std@@V?$allocator@D@2@@std@@HU?$less@V?$basic_string@DU?$char_traits@D@std@@V?$allocator@D@2@@std@@@2@V?$allocator@U?$pair@$$CBV?$basic_string@DU?$char_traits@D@std@@V?$allocator@D@2@@std@@H@std@@@2@$0A@@std@@@std@@QAE@ABU?$less@V?$basic_string@DU?$char_traits@D@std@@V?$allocator@D@2@@std@@@1@ABV?$allocator@U?$pair@$$CBV?$basic_string@DU?$char_traits@D@std@@V?$allocator@D@2@@std@@H@std@@@1@@Z 10018bd0 f i ehl.ftpdata.save.obj
 0002:00007c10       ??0?$_Tree@V?$_Tmap_traits@V?$basic_string@DU?$char_traits@D@std@@V?$allocator@D@2@@std@@V12@U?$less@V?$basic_string@DU?$char_traits@D@std@@V?$allocator@D@2@@std@@@2@V?$allocator@U?$pair@$$CBV?$basic_string@DU?$char_traits@D@std@@V?$allocator@D@2@@std@@V12@@std@@@2@$0A@@std@@@std@@QAE@ABU?$less@V?$basic_string@DU?$char_traits@D@std@@V?$allocator@D@2@@std@@@1@ABV?$allocator@U?$pair@$$CBV?$basic_string@DU?$char_traits@D@std@@V?$allocator@D@2@@std@@V12@@std@@@1@@Z 10018c10 f i ehl.ftpdata.save.obj
 0002:00007c50       ??0?$_Tree_alloc@$0A@U?$_Tree_base_types@U?$pair@$$CBV?$basic_string@DU?$char_traits@D@std@@V?$allocator@D@2@@std@@H@std@@V?$allocator@U?$pair@$$CBV?$basic_string@DU?$char_traits@D@std@@V?$allocator@D@2@@std@@H@std@@@2@@std@@@std@@QAE@ABV?$allocator@U?$pair@$$CBV?$basic_string@DU?$char_traits@D@std@@V?$allocator@D@2@@std@@H@std@@@1@@Z 10018c50 f i ehl.ftpdata.save.obj
 0002:00007d20       ??0?$_Tree_alloc@$0A@U?$_Tree_base_types@U?$pair@$$CBV?$basic_string@DU?$char_traits@D@std@@V?$allocator@D@2@@std@@V12@@std@@V?$allocator@U?$pair@$$CBV?$basic_string@DU?$char_traits@D@std@@V?$allocator@D@2@@std@@V12@@std@@@2@@std@@@std@@QAE@ABV?$allocator@U?$pair@$$CBV?$basic_string@DU?$char_traits@D@std@@V?$allocator@D@2@@std@@V12@@std@@@1@@Z 10018d20 f i ehl.ftpdata.save.obj
 0002:00007df0       ??0?$_Tree_buy@U?$pair@$$CBV?$basic_string@DU?$char_traits@D@std@@V?$allocator@D@2@@std@@H@std@@V?$allocator@U?$pair@$$CBV?$basic_string@DU?$char_traits@D@std@@V?$allocator@D@2@@std@@H@std@@@2@@std@@QAE@ABV?$allocator@U?$pair@$$CBV?$basic_string@DU?$char_traits@D@std@@V?$allocator@D@2@@std@@H@std@@@1@@Z 10018df0 f i ehl.ftpdata.save.obj
 0002:00007e20       ??0?$_Tree_buy@U?$pair@$$CBV?$basic_string@DU?$char_traits@D@std@@V?$allocator@D@2@@std@@V12@@std@@V?$allocator@U?$pair@$$CBV?$basic_string@DU?$char_traits@D@std@@V?$allocator@D@2@@std@@V12@@std@@@2@@std@@QAE@ABV?$allocator@U?$pair@$$CBV?$basic_string@DU?$char_traits@D@std@@V?$allocator@D@2@@std@@V12@@std@@@1@@Z 10018e20 f i ehl.ftpdata.save.obj
 0002:00007e50       ??0?$_Tree_comp@$0A@V?$_Tmap_traits@V?$basic_string@DU?$char_traits@D@std@@V?$allocator@D@2@@std@@HU?$less@V?$basic_string@DU?$char_traits@D@std@@V?$allocator@D@2@@std@@@2@V?$allocator@U?$pair@$$CBV?$basic_string@DU?$char_traits@D@std@@V?$allocator@D@2@@std@@H@std@@@2@$0A@@std@@@std@@QAE@ABU?$less@V?$basic_string@DU?$char_traits@D@std@@V?$allocator@D@2@@std@@@1@ABV?$allocator@U?$pair@$$CBV?$basic_string@DU?$char_traits@D@std@@V?$allocator@D@2@@std@@H@std@@@1@@Z 10018e50 f i ehl.ftpdata.save.obj
 0002:00007e80       ??0?$_Tree_comp@$0A@V?$_Tmap_traits@V?$basic_string@DU?$char_traits@D@std@@V?$allocator@D@2@@std@@V12@U?$less@V?$basic_string@DU?$char_traits@D@std@@V?$allocator@D@2@@std@@@2@V?$allocator@U?$pair@$$CBV?$basic_string@DU?$char_traits@D@std@@V?$allocator@D@2@@std@@V12@@std@@@2@$0A@@std@@@std@@QAE@ABU?$less@V?$basic_string@DU?$char_traits@D@std@@V?$allocator@D@2@@std@@@1@ABV?$allocator@U?$pair@$$CBV?$basic_string@DU?$char_traits@D@std@@V?$allocator@D@2@@std@@V12@@std@@@1@@Z 10018e80 f i ehl.ftpdata.save.obj
 0002:00007eb0       ??0?$_Tree_const_iterator@V?$_Tree_val@U?$_Tree_simple_types@U?$pair@$$CBV?$basic_string@DU?$char_traits@D@std@@V?$allocator@D@2@@std@@H@std@@@std@@@std@@@std@@QAE@ABV01@@Z 10018eb0 f i ehl.ftpdata.save.obj
 0002:00007ee0       ??0?$_Tree_const_iterator@V?$_Tree_val@U?$_Tree_simple_types@U?$pair@$$CBV?$basic_string@DU?$char_traits@D@std@@V?$allocator@D@2@@std@@H@std@@@std@@@std@@@std@@QAE@PAU?$_Tree_node@U?$pair@$$CBV?$basic_string@DU?$char_traits@D@std@@V?$allocator@D@2@@std@@H@std@@PAX@1@PBV?$_Tree_val@U?$_Tree_simple_types@U?$pair@$$CBV?$basic_string@DU?$char_traits@D@std@@V?$allocator@D@2@@std@@H@std@@@std@@@1@@Z 10018ee0 f i ehl.ftpdata.save.obj
 0002:00007f20       ??0?$_Tree_const_iterator@V?$_Tree_val@U?$_Tree_simple_types@U?$pair@$$CBV?$basic_string@DU?$char_traits@D@std@@V?$allocator@D@2@@std@@H@std@@@std@@@std@@@std@@QAE@XZ 10018f20 f i ehl.ftpdata.save.obj
 0002:00007f50       ??0?$_Tree_const_iterator@V?$_Tree_val@U?$_Tree_simple_types@U?$pair@$$CBV?$basic_string@DU?$char_traits@D@std@@V?$allocator@D@2@@std@@V12@@std@@@std@@@std@@@std@@QAE@ABV01@@Z 10018f50 f i ehl.ftpdata.save.obj
 0002:00007f80       ??0?$_Tree_const_iterator@V?$_Tree_val@U?$_Tree_simple_types@U?$pair@$$CBV?$basic_string@DU?$char_traits@D@std@@V?$allocator@D@2@@std@@V12@@std@@@std@@@std@@@std@@QAE@PAU?$_Tree_node@U?$pair@$$CBV?$basic_string@DU?$char_traits@D@std@@V?$allocator@D@2@@std@@V12@@std@@PAX@1@PBV?$_Tree_val@U?$_Tree_simple_types@U?$pair@$$CBV?$basic_string@DU?$char_traits@D@std@@V?$allocator@D@2@@std@@V12@@std@@@std@@@1@@Z 10018f80 f i ehl.ftpdata.save.obj
 0002:00007fc0       ??0?$_Tree_iterator@V?$_Tree_val@U?$_Tree_simple_types@U?$pair@$$CBV?$basic_string@DU?$char_traits@D@std@@V?$allocator@D@2@@std@@H@std@@@std@@@std@@@std@@QAE@ABV01@@Z 10018fc0 f i ehl.ftpdata.save.obj
 0002:00007ff0       ??0?$_Tree_iterator@V?$_Tree_val@U?$_Tree_simple_types@U?$pair@$$CBV?$basic_string@DU?$char_traits@D@std@@V?$allocator@D@2@@std@@H@std@@@std@@@std@@@std@@QAE@PAU?$_Tree_node@U?$pair@$$CBV?$basic_string@DU?$char_traits@D@std@@V?$allocator@D@2@@std@@H@std@@PAX@1@PBV?$_Tree_val@U?$_Tree_simple_types@U?$pair@$$CBV?$basic_string@DU?$char_traits@D@std@@V?$allocator@D@2@@std@@H@std@@@std@@@1@@Z 10018ff0 f i ehl.ftpdata.save.obj
 0002:00008030       ??0?$_Tree_iterator@V?$_Tree_val@U?$_Tree_simple_types@U?$pair@$$CBV?$basic_string@DU?$char_traits@D@std@@V?$allocator@D@2@@std@@V12@@std@@@std@@@std@@@std@@QAE@ABV01@@Z 10019030 f i ehl.ftpdata.save.obj
 0002:00008060       ??0?$_Tree_iterator@V?$_Tree_val@U?$_Tree_simple_types@U?$pair@$$CBV?$basic_string@DU?$char_traits@D@std@@V?$allocator@D@2@@std@@V12@@std@@@std@@@std@@@std@@QAE@PAU?$_Tree_node@U?$pair@$$CBV?$basic_string@DU?$char_traits@D@std@@V?$allocator@D@2@@std@@V12@@std@@PAX@1@PBV?$_Tree_val@U?$_Tree_simple_types@U?$pair@$$CBV?$basic_string@DU?$char_traits@D@std@@V?$allocator@D@2@@std@@V12@@std@@@std@@@1@@Z 10019060 f i ehl.ftpdata.save.obj
 0002:000080a0       ??0?$_Tree_unchecked_const_iterator@V?$_Tree_val@U?$_Tree_simple_types@U?$pair@$$CBV?$basic_string@DU?$char_traits@D@std@@V?$allocator@D@2@@std@@H@std@@@std@@@std@@U_Iterator_base12@2@@std@@QAE@ABV01@@Z 100190a0 f i ehl.ftpdata.save.obj
 0002:000080e0       ??0?$_Tree_unchecked_const_iterator@V?$_Tree_val@U?$_Tree_simple_types@U?$pair@$$CBV?$basic_string@DU?$char_traits@D@std@@V?$allocator@D@2@@std@@H@std@@@std@@@std@@U_Iterator_base12@2@@std@@QAE@PAU?$_Tree_node@U?$pair@$$CBV?$basic_string@DU?$char_traits@D@std@@V?$allocator@D@2@@std@@H@std@@PAX@1@PBV?$_Tree_val@U?$_Tree_simple_types@U?$pair@$$CBV?$basic_string@DU?$char_traits@D@std@@V?$allocator@D@2@@std@@H@std@@@std@@@1@@Z 100190e0 f i ehl.ftpdata.save.obj
 0002:00008170       ??0?$_Tree_unchecked_const_iterator@V?$_Tree_val@U?$_Tree_simple_types@U?$pair@$$CBV?$basic_string@DU?$char_traits@D@std@@V?$allocator@D@2@@std@@H@std@@@std@@@std@@U_Iterator_base12@2@@std@@QAE@XZ 10019170 f i ehl.ftpdata.save.obj
 0002:000081b0       ??0?$_Tree_unchecked_const_iterator@V?$_Tree_val@U?$_Tree_simple_types@U?$pair@$$CBV?$basic_string@DU?$char_traits@D@std@@V?$allocator@D@2@@std@@V12@@std@@@std@@@std@@U_Iterator_base12@2@@std@@QAE@ABV01@@Z 100191b0 f i ehl.ftpdata.save.obj
 0002:000081f0       ??0?$_Tree_unchecked_const_iterator@V?$_Tree_val@U?$_Tree_simple_types@U?$pair@$$CBV?$basic_string@DU?$char_traits@D@std@@V?$allocator@D@2@@std@@V12@@std@@@std@@@std@@U_Iterator_base12@2@@std@@QAE@PAU?$_Tree_node@U?$pair@$$CBV?$basic_string@DU?$char_traits@D@std@@V?$allocator@D@2@@std@@V12@@std@@PAX@1@PBV?$_Tree_val@U?$_Tree_simple_types@U?$pair@$$CBV?$basic_string@DU?$char_traits@D@std@@V?$allocator@D@2@@std@@V12@@std@@@std@@@1@@Z 100191f0 f i ehl.ftpdata.save.obj
 0002:00008280       ??0?$_Tree_val@U?$_Tree_simple_types@U?$pair@$$CBV?$basic_string@DU?$char_traits@D@std@@V?$allocator@D@2@@std@@H@std@@@std@@@std@@QAE@XZ 10019280 f i ehl.ftpdata.save.obj
 0002:000082c0       ??0?$_Tree_val@U?$_Tree_simple_types@U?$pair@$$CBV?$basic_string@DU?$char_traits@D@std@@V?$allocator@D@2@@std@@V12@@std@@@std@@@std@@QAE@XZ 100192c0 f i ehl.ftpdata.save.obj
 0002:00008300       ??0?$_Wrap_alloc@V?$allocator@D@std@@@std@@QAE@ABV?$allocator@D@1@@Z 10019300 f i ehl.ftpdata.save.obj
 0002:00008330       ??0?$_Wrap_alloc@V?$allocator@D@std@@@std@@QAE@XZ 10019330 f i ehl.ftpdata.save.obj
 0002:00008360       ??0?$_Wrap_alloc@V?$allocator@U?$_List_node@V?$basic_string@DU?$char_traits@D@std@@V?$allocator@D@2@@std@@PAX@std@@@std@@@std@@QAE@XZ 10019360 f i ehl.ftpdata.save.obj
 0002:00008390       ??0?$_Wrap_alloc@V?$allocator@U?$_Tree_node@U?$pair@$$CBV?$basic_string@DU?$char_traits@D@std@@V?$allocator@D@2@@std@@H@std@@PAX@std@@@std@@@std@@QAE@XZ 10019390 f i ehl.ftpdata.save.obj
 0002:000083c0       ??0?$_Wrap_alloc@V?$allocator@U?$_Tree_node@U?$pair@$$CBV?$basic_string@DU?$char_traits@D@std@@V?$allocator@D@2@@std@@V12@@std@@PAX@std@@@std@@@std@@QAE@XZ 100193c0 f i ehl.ftpdata.save.obj
 0002:000083f0       ??0?$_Wrap_alloc@V?$allocator@U_Container_proxy@std@@@std@@@std@@QAE@XZ 100193f0 f i ehl.ftpdata.save.obj
 0002:00008420       ??0?$allocator@D@std@@QAE@ABV01@@Z 10019420 f i ehl.ftpdata.save.obj
 0002:00008440       ??0?$allocator@D@std@@QAE@XZ 10019440 f i ehl.ftpdata.save.obj
 0002:00008460       ??0?$allocator@U?$_List_node@V?$basic_string@DU?$char_traits@D@std@@V?$allocator@D@2@@std@@PAX@std@@@std@@QAE@XZ 10019460 f i ehl.ftpdata.save.obj
 0002:00008480       ??0?$allocator@U?$_Tree_node@U?$pair@$$CBV?$basic_string@DU?$char_traits@D@std@@V?$allocator@D@2@@std@@H@std@@PAX@std@@@std@@QAE@XZ 10019480 f i ehl.ftpdata.save.obj
 0002:000084a0       ??0?$allocator@U?$_Tree_node@U?$pair@$$CBV?$basic_string@DU?$char_traits@D@std@@V?$allocator@D@2@@std@@V12@@std@@PAX@std@@@std@@QAE@XZ 100194a0 f i ehl.ftpdata.save.obj
 0002:000084c0       ??0?$allocator@U?$pair@$$CBV?$basic_string@DU?$char_traits@D@std@@V?$allocator@D@2@@std@@H@std@@@std@@QAE@XZ 100194c0 f i ehl.ftpdata.save.obj
 0002:000084e0       ??0?$allocator@U?$pair@$$CBV?$basic_string@DU?$char_traits@D@std@@V?$allocator@D@2@@std@@V12@@std@@@std@@QAE@XZ 100194e0 f i ehl.ftpdata.save.obj
 0002:00008500       ??0?$allocator@U_Container_proxy@std@@@std@@QAE@XZ 10019500 f i ehl.ftpdata.save.obj
 0002:00008520       ??0?$allocator@V?$basic_string@DU?$char_traits@D@std@@V?$allocator@D@2@@std@@@std@@QAE@XZ 10019520 f i ehl.ftpdata.save.obj
 0002:00008540       ??0?$basic_string@DU?$char_traits@D@std@@V?$allocator@D@2@@std@@QAE@$$QAV01@@Z 10019540 f i ehl.ftpdata.save.obj
 0002:000085b0       ??0?$basic_string@DU?$char_traits@D@std@@V?$allocator@D@2@@std@@QAE@ABV01@@Z 100195b0 f i ehl.ftpdata.save.obj
 0002:00008670       ??0?$basic_string@DU?$char_traits@D@std@@V?$allocator@D@2@@std@@QAE@PBD@Z 10019670 f i ehl.ftpdata.save.obj
 0002:00008710       ??0?$basic_string@DU?$char_traits@D@std@@V?$allocator@D@2@@std@@QAE@XZ 10019710 f i ehl.ftpdata.save.obj
 0002:000087a0       ??0?$list@V?$basic_string@DU?$char_traits@D@std@@V?$allocator@D@2@@std@@V?$allocator@V?$basic_string@DU?$char_traits@D@std@@V?$allocator@D@2@@std@@@2@@std@@QAE@XZ 100197a0 f i ehl.ftpdata.save.obj
 0002:000087d0       ??0?$map@V?$basic_string@DU?$char_traits@D@std@@V?$allocator@D@2@@std@@HU?$less@V?$basic_string@DU?$char_traits@D@std@@V?$allocator@D@2@@std@@@2@V?$allocator@U?$pair@$$CBV?$basic_string@DU?$char_traits@D@std@@V?$allocator@D@2@@std@@H@std@@@2@@std@@QAE@XZ 100197d0 f i ehl.ftpdata.save.obj
 0002:00008810       ??0?$map@V?$basic_string@DU?$char_traits@D@std@@V?$allocator@D@2@@std@@V12@U?$less@V?$basic_string@DU?$char_traits@D@std@@V?$allocator@D@2@@std@@@2@V?$allocator@U?$pair@$$CBV?$basic_string@DU?$char_traits@D@std@@V?$allocator@D@2@@std@@V12@@std@@@2@@std@@QAE@XZ 10019810 f i ehl.ftpdata.save.obj
 0002:00008850       ??0?$tuple@$$$V@std@@QAE@ABV01@@Z 10019850 f i ehl.ftpdata.save.obj
 0002:00008870       ??0?$tuple@$$$V@std@@QAE@XZ 10019870 f i ehl.ftpdata.save.obj
 0002:00008890       ??0_Container_proxy@std@@QAE@XZ 10019890 f i ehl.ftpdata.save.obj
 0002:000088d0       ??0_Generic_error_category@std@@QAE@XZ 100198d0 f i ehl.ftpdata.save.obj
 0002:00008900       ??0_Ignore@std@@QAE@XZ     10019900 f i ehl.ftpdata.save.obj
 0002:00008920       ??0_Iostream_error_category@std@@QAE@XZ 10019920 f i ehl.ftpdata.save.obj
 0002:00008950       ??0_Iterator_base12@std@@QAE@ABU01@@Z 10019950 f i ehl.ftpdata.save.obj
 0002:000089a0       ??0_Iterator_base12@std@@QAE@XZ 100199a0 f i ehl.ftpdata.save.obj
 0002:000089e0       ??0_System_error_category@std@@QAE@XZ 100199e0 f i ehl.ftpdata.save.obj
 0002:00008a10       ??0c_data_convert_hkfilename@@QAE@XZ 10019a10 f i ehl.ftpdata.save.obj
 0002:00008c10       ??0c_time@@QAE@PBD@Z       10019c10 f i ehl.ftpdata.save.obj
 0002:00008c40       ??0c_time@@QAE@XZ          10019c40 f i ehl.ftpdata.save.obj
 0002:00008c60       ??0c_work@@QAE@XZ          10019c60 f i ehl.ftpdata.save.obj
 0002:00008cd0       ??0error_category@std@@QAE@XZ 10019cd0 f i ehl.ftpdata.save.obj
 0002:00008d00       ??0error_condition@std@@QAE@HABVerror_category@1@@Z 10019d00 f i ehl.ftpdata.save.obj
 0002:00008d40       ??0mux@@QAE@XZ             10019d40 f i ehl.ftpdata.save.obj
 0002:00008d70       ??0waitproc_info@@QAE@XZ   10019d70 f i ehl.ftpdata.save.obj
 0002:00008da0       ??1?$_Iterator012@Ubidirectional_iterator_tag@std@@U?$pair@$$CBV?$basic_string@DU?$char_traits@D@std@@V?$allocator@D@2@@std@@H@2@HPBU32@ABU32@U_Iterator_base12@2@@std@@QAE@XZ 10019da0 f i ehl.ftpdata.save.obj
 0002:00008dd0       ??1?$_Iterator012@Ubidirectional_iterator_tag@std@@U?$pair@$$CBV?$basic_string@DU?$char_traits@D@std@@V?$allocator@D@2@@std@@V12@@2@HPBU32@ABU32@U_Iterator_base12@2@@std@@QAE@XZ 10019dd0 f i ehl.ftpdata.save.obj
 0002:00008e00       ??1?$_Iterator012@Ubidirectional_iterator_tag@std@@V?$basic_string@DU?$char_traits@D@std@@V?$allocator@D@2@@2@HPBV32@ABV32@U_Iterator_base12@2@@std@@QAE@XZ 10019e00 f i ehl.ftpdata.save.obj
 0002:00008e30       ??1?$_List_alloc@$0A@U?$_List_base_types@V?$basic_string@DU?$char_traits@D@std@@V?$allocator@D@2@@std@@V?$allocator@V?$basic_string@DU?$char_traits@D@std@@V?$allocator@D@2@@std@@@2@@std@@@std@@QAE@XZ 10019e30 f i ehl.ftpdata.save.obj
 0002:00008e70       ??1?$_List_buy@V?$basic_string@DU?$char_traits@D@std@@V?$allocator@D@2@@std@@V?$allocator@V?$basic_string@DU?$char_traits@D@std@@V?$allocator@D@2@@std@@@2@@std@@QAE@XZ 10019e70 f i ehl.ftpdata.save.obj
 0002:00008ea0       ??1?$_List_const_iterator@V?$_List_val@U?$_List_simple_types@V?$basic_string@DU?$char_traits@D@std@@V?$allocator@D@2@@std@@@std@@@std@@@std@@QAE@XZ 10019ea0 f i ehl.ftpdata.save.obj
 0002:00008ed0       ??1?$_List_iterator@V?$_List_val@U?$_List_simple_types@V?$basic_string@DU?$char_traits@D@std@@V?$allocator@D@2@@std@@@std@@@std@@@std@@QAE@XZ 10019ed0 f i ehl.ftpdata.save.obj
 0002:00008f00       ??1?$_List_unchecked_const_iterator@V?$_List_val@U?$_List_simple_types@V?$basic_string@DU?$char_traits@D@std@@V?$allocator@D@2@@std@@@std@@@std@@U_Iterator_base12@2@@std@@QAE@XZ 10019f00 f i ehl.ftpdata.save.obj
 0002:00008f30       ??1?$_List_val@U?$_List_simple_types@V?$basic_string@DU?$char_traits@D@std@@V?$allocator@D@2@@std@@@std@@@std@@QAE@XZ 10019f30 f i ehl.ftpdata.save.obj
 0002:00008f60       ??1?$_String_alloc@$0A@U?$_String_base_types@DV?$allocator@D@std@@@std@@@std@@QAE@XZ 10019f60 f i ehl.ftpdata.save.obj
 0002:00008f90       ??1?$_String_val@U?$_Simple_types@D@std@@@std@@QAE@XZ 10019f90 f i ehl.ftpdata.save.obj
 0002:00008fc0       ??1?$_Tree@V?$_Tmap_traits@V?$basic_string@DU?$char_traits@D@std@@V?$allocator@D@2@@std@@HU?$less@V?$basic_string@DU?$char_traits@D@std@@V?$allocator@D@2@@std@@@2@V?$allocator@U?$pair@$$CBV?$basic_string@DU?$char_traits@D@std@@V?$allocator@D@2@@std@@H@std@@@2@$0A@@std@@@std@@QAE@XZ 10019fc0 f i ehl.ftpdata.save.obj
 0002:00008ff0       ??1?$_Tree@V?$_Tmap_traits@V?$basic_string@DU?$char_traits@D@std@@V?$allocator@D@2@@std@@V12@U?$less@V?$basic_string@DU?$char_traits@D@std@@V?$allocator@D@2@@std@@@2@V?$allocator@U?$pair@$$CBV?$basic_string@DU?$char_traits@D@std@@V?$allocator@D@2@@std@@V12@@std@@@2@$0A@@std@@@std@@QAE@XZ 10019ff0 f i ehl.ftpdata.save.obj
 0002:00009020       ??1?$_Tree_alloc@$0A@U?$_Tree_base_types@U?$pair@$$CBV?$basic_string@DU?$char_traits@D@std@@V?$allocator@D@2@@std@@H@std@@V?$allocator@U?$pair@$$CBV?$basic_string@DU?$char_traits@D@std@@V?$allocator@D@2@@std@@H@std@@@2@@std@@@std@@QAE@XZ 1001a020 f i ehl.ftpdata.save.obj
 0002:00009060       ??1?$_Tree_alloc@$0A@U?$_Tree_base_types@U?$pair@$$CBV?$basic_string@DU?$char_traits@D@std@@V?$allocator@D@2@@std@@V12@@std@@V?$allocator@U?$pair@$$CBV?$basic_string@DU?$char_traits@D@std@@V?$allocator@D@2@@std@@V12@@std@@@2@@std@@@std@@QAE@XZ 1001a060 f i ehl.ftpdata.save.obj
 0002:000090a0       ??1?$_Tree_buy@U?$pair@$$CBV?$basic_string@DU?$char_traits@D@std@@V?$allocator@D@2@@std@@H@std@@V?$allocator@U?$pair@$$CBV?$basic_string@DU?$char_traits@D@std@@V?$allocator@D@2@@std@@H@std@@@2@@std@@QAE@XZ 1001a0a0 f i ehl.ftpdata.save.obj
 0002:000090d0       ??1?$_Tree_buy@U?$pair@$$CBV?$basic_string@DU?$char_traits@D@std@@V?$allocator@D@2@@std@@V12@@std@@V?$allocator@U?$pair@$$CBV?$basic_string@DU?$char_traits@D@std@@V?$allocator@D@2@@std@@V12@@std@@@2@@std@@QAE@XZ 1001a0d0 f i ehl.ftpdata.save.obj
 0002:00009100       ??1?$_Tree_comp@$0A@V?$_Tmap_traits@V?$basic_string@DU?$char_traits@D@std@@V?$allocator@D@2@@std@@HU?$less@V?$basic_string@DU?$char_traits@D@std@@V?$allocator@D@2@@std@@@2@V?$allocator@U?$pair@$$CBV?$basic_string@DU?$char_traits@D@std@@V?$allocator@D@2@@std@@H@std@@@2@$0A@@std@@@std@@QAE@XZ 1001a100 f i ehl.ftpdata.save.obj
 0002:00009130       ??1?$_Tree_comp@$0A@V?$_Tmap_traits@V?$basic_string@DU?$char_traits@D@std@@V?$allocator@D@2@@std@@V12@U?$less@V?$basic_string@DU?$char_traits@D@std@@V?$allocator@D@2@@std@@@2@V?$allocator@U?$pair@$$CBV?$basic_string@DU?$char_traits@D@std@@V?$allocator@D@2@@std@@V12@@std@@@2@$0A@@std@@@std@@QAE@XZ 1001a130 f i ehl.ftpdata.save.obj
 0002:00009160       ??1?$_Tree_const_iterator@V?$_Tree_val@U?$_Tree_simple_types@U?$pair@$$CBV?$basic_string@DU?$char_traits@D@std@@V?$allocator@D@2@@std@@H@std@@@std@@@std@@@std@@QAE@XZ 1001a160 f i ehl.ftpdata.save.obj
 0002:00009190       ??1?$_Tree_const_iterator@V?$_Tree_val@U?$_Tree_simple_types@U?$pair@$$CBV?$basic_string@DU?$char_traits@D@std@@V?$allocator@D@2@@std@@V12@@std@@@std@@@std@@@std@@QAE@XZ 1001a190 f i ehl.ftpdata.save.obj
 0002:000091c0       ??1?$_Tree_iterator@V?$_Tree_val@U?$_Tree_simple_types@U?$pair@$$CBV?$basic_string@DU?$char_traits@D@std@@V?$allocator@D@2@@std@@H@std@@@std@@@std@@@std@@QAE@XZ 1001a1c0 f i ehl.ftpdata.save.obj
 0002:000091f0       ??1?$_Tree_iterator@V?$_Tree_val@U?$_Tree_simple_types@U?$pair@$$CBV?$basic_string@DU?$char_traits@D@std@@V?$allocator@D@2@@std@@V12@@std@@@std@@@std@@@std@@QAE@XZ 1001a1f0 f i ehl.ftpdata.save.obj
 0002:00009220       ??1?$_Tree_unchecked_const_iterator@V?$_Tree_val@U?$_Tree_simple_types@U?$pair@$$CBV?$basic_string@DU?$char_traits@D@std@@V?$allocator@D@2@@std@@H@std@@@std@@@std@@U_Iterator_base12@2@@std@@QAE@XZ 1001a220 f i ehl.ftpdata.save.obj
 0002:00009250       ??1?$_Tree_unchecked_const_iterator@V?$_Tree_val@U?$_Tree_simple_types@U?$pair@$$CBV?$basic_string@DU?$char_traits@D@std@@V?$allocator@D@2@@std@@V12@@std@@@std@@@std@@U_Iterator_base12@2@@std@@QAE@XZ 1001a250 f i ehl.ftpdata.save.obj
 0002:00009280       ??1?$_Tree_val@U?$_Tree_simple_types@U?$pair@$$CBV?$basic_string@DU?$char_traits@D@std@@V?$allocator@D@2@@std@@H@std@@@std@@@std@@QAE@XZ 1001a280 f i ehl.ftpdata.save.obj
 0002:000092b0       ??1?$_Tree_val@U?$_Tree_simple_types@U?$pair@$$CBV?$basic_string@DU?$char_traits@D@std@@V?$allocator@D@2@@std@@V12@@std@@@std@@@std@@QAE@XZ 1001a2b0 f i ehl.ftpdata.save.obj
 0002:000092e0       ??1?$basic_string@DU?$char_traits@D@std@@V?$allocator@D@2@@std@@QAE@XZ 1001a2e0 f i ehl.ftpdata.save.obj
 0002:00009310       ??1?$list@V?$basic_string@DU?$char_traits@D@std@@V?$allocator@D@2@@std@@V?$allocator@V?$basic_string@DU?$char_traits@D@std@@V?$allocator@D@2@@std@@@2@@std@@QAE@XZ 1001a310 f i ehl.ftpdata.save.obj
 0002:00009340       ??1?$map@V?$basic_string@DU?$char_traits@D@std@@V?$allocator@D@2@@std@@HU?$less@V?$basic_string@DU?$char_traits@D@std@@V?$allocator@D@2@@std@@@2@V?$allocator@U?$pair@$$CBV?$basic_string@DU?$char_traits@D@std@@V?$allocator@D@2@@std@@H@std@@@2@@std@@QAE@XZ 1001a340 f i ehl.ftpdata.save.obj
 0002:00009370       ??1?$map@V?$basic_string@DU?$char_traits@D@std@@V?$allocator@D@2@@std@@V12@U?$less@V?$basic_string@DU?$char_traits@D@std@@V?$allocator@D@2@@std@@@2@V?$allocator@U?$pair@$$CBV?$basic_string@DU?$char_traits@D@std@@V?$allocator@D@2@@std@@V12@@std@@@2@@std@@QAE@XZ 1001a370 f i ehl.ftpdata.save.obj
 0002:000093a0       ??1?$pair@$$CBV?$basic_string@DU?$char_traits@D@std@@V?$allocator@D@2@@std@@H@std@@QAE@XZ 1001a3a0 f i ehl.ftpdata.save.obj
 0002:000093d0       ??1?$pair@$$CBV?$basic_string@DU?$char_traits@D@std@@V?$allocator@D@2@@std@@V12@@std@@QAE@XZ 1001a3d0 f i ehl.ftpdata.save.obj
 0002:00009400       ??1?$pair@V?$_Tree_iterator@V?$_Tree_val@U?$_Tree_simple_types@U?$pair@$$CBV?$basic_string@DU?$char_traits@D@std@@V?$allocator@D@2@@std@@H@std@@@std@@@std@@@std@@_N@std@@QAE@XZ 1001a400 f i ehl.ftpdata.save.obj
 0002:00009430       ??1?$pair@V?$_Tree_iterator@V?$_Tree_val@U?$_Tree_simple_types@U?$pair@$$CBV?$basic_string@DU?$char_traits@D@std@@V?$allocator@D@2@@std@@V12@@std@@@std@@@std@@@std@@_N@std@@QAE@XZ 1001a430 f i ehl.ftpdata.save.obj
 0002:00009460       ??1?$pair@V?$basic_string@DU?$char_traits@D@std@@V?$allocator@D@2@@std@@V12@@std@@QAE@XZ 1001a460 f i ehl.ftpdata.save.obj
 0002:00009490       ??1_Generic_error_category@std@@UAE@XZ 1001a490 f i ehl.ftpdata.save.obj
 0002:000094c0       ??1_Iostream_error_category@std@@UAE@XZ 1001a4c0 f i ehl.ftpdata.save.obj
 0002:000094f0       ??1_Iterator_base12@std@@QAE@XZ 1001a4f0 f i ehl.ftpdata.save.obj
 0002:00009530       ??1_System_error_category@std@@UAE@XZ 1001a530 f i ehl.ftpdata.save.obj
 0002:00009560       ??1c_data_convert_hkfilename@@QAE@XZ 1001a560 f i ehl.ftpdata.save.obj
 0002:00009750       ??1c_work@@QAE@XZ          1001a750 f i ehl.ftpdata.save.obj
 0002:00009770       ??1error_category@std@@UAE@XZ 1001a770 f i ehl.ftpdata.save.obj
 0002:000097a0       ??1mux@@QAE@XZ             1001a7a0 f i ehl.ftpdata.save.obj
 0002:000097d0       ??1waitproc_info@@QAE@XZ   1001a7d0 f i ehl.ftpdata.save.obj
 0002:00009800       ??2@YAPAXIPAX@Z            1001a800 f i ehl.ftpdata.save.obj
 0002:00009820       ??3@YAXPAX0@Z              1001a820 f i ehl.ftpdata.save.obj
 0002:00009840       ??4?$_Iterator012@Ubidirectional_iterator_tag@std@@U?$pair@$$CBV?$basic_string@DU?$char_traits@D@std@@V?$allocator@D@2@@std@@H@2@HPBU32@ABU32@U_Iterator_base12@2@@std@@QAEAAU01@ABU01@@Z 1001a840 f i ehl.ftpdata.save.obj
 0002:00009870       ??4?$_Iterator012@Ubidirectional_iterator_tag@std@@V?$basic_string@DU?$char_traits@D@std@@V?$allocator@D@2@@2@HPBV32@ABV32@U_Iterator_base12@2@@std@@QAEAAU01@ABU01@@Z 1001a870 f i ehl.ftpdata.save.obj
 0002:000098a0       ??4?$_List_const_iterator@V?$_List_val@U?$_List_simple_types@V?$basic_string@DU?$char_traits@D@std@@V?$allocator@D@2@@std@@@std@@@std@@@std@@QAEAAV01@ABV01@@Z 1001a8a0 f i ehl.ftpdata.save.obj
 0002:000098d0       ??4?$_List_iterator@V?$_List_val@U?$_List_simple_types@V?$basic_string@DU?$char_traits@D@std@@V?$allocator@D@2@@std@@@std@@@std@@@std@@QAEAAV01@ABV01@@Z 1001a8d0 f i ehl.ftpdata.save.obj
 0002:00009900       ??4?$_List_unchecked_const_iterator@V?$_List_val@U?$_List_simple_types@V?$basic_string@DU?$char_traits@D@std@@V?$allocator@D@2@@std@@@std@@@std@@U_Iterator_base12@2@@std@@QAEAAV01@ABV01@@Z 1001a900 f i ehl.ftpdata.save.obj
 0002:00009940       ??4?$_Tree_const_iterator@V?$_Tree_val@U?$_Tree_simple_types@U?$pair@$$CBV?$basic_string@DU?$char_traits@D@std@@V?$allocator@D@2@@std@@H@std@@@std@@@std@@@std@@QAEAAV01@ABV01@@Z 1001a940 f i ehl.ftpdata.save.obj
 0002:00009970       ??4?$_Tree_iterator@V?$_Tree_val@U?$_Tree_simple_types@U?$pair@$$CBV?$basic_string@DU?$char_traits@D@std@@V?$allocator@D@2@@std@@H@std@@@std@@@std@@@std@@QAEAAV01@ABV01@@Z 1001a970 f i ehl.ftpdata.save.obj
 0002:000099a0       ??4?$_Tree_unchecked_const_iterator@V?$_Tree_val@U?$_Tree_simple_types@U?$pair@$$CBV?$basic_string@DU?$char_traits@D@std@@V?$allocator@D@2@@std@@H@std@@@std@@@std@@U_Iterator_base12@2@@std@@QAEAAV01@ABV01@@Z 1001a9a0 f i ehl.ftpdata.save.obj
 0002:000099e0       ??4?$basic_string@DU?$char_traits@D@std@@V?$allocator@D@2@@std@@QAEAAV01@PBD@Z 1001a9e0 f i ehl.ftpdata.save.obj
 0002:00009a10       ??4_Iterator_base12@std@@QAEAAU01@ABU01@@Z 1001aa10 f i ehl.ftpdata.save.obj
 0002:00009ad0       ??8?$_List_const_iterator@V?$_List_val@U?$_List_simple_types@V?$basic_string@DU?$char_traits@D@std@@V?$allocator@D@2@@std@@@std@@@std@@@std@@QBE_NABV01@@Z 1001aad0 f i ehl.ftpdata.save.obj
 0002:00009bd0       ??8?$_Tree_const_iterator@V?$_Tree_val@U?$_Tree_simple_types@U?$pair@$$CBV?$basic_string@DU?$char_traits@D@std@@V?$allocator@D@2@@std@@H@std@@@std@@@std@@@std@@QBE_NABV01@@Z 1001abd0 f i ehl.ftpdata.save.obj
 0002:00009cd0       ??8?$_Tree_const_iterator@V?$_Tree_val@U?$_Tree_simple_types@U?$pair@$$CBV?$basic_string@DU?$char_traits@D@std@@V?$allocator@D@2@@std@@V12@@std@@@std@@@std@@@std@@QBE_NABV01@@Z 1001acd0 f i ehl.ftpdata.save.obj
 0002:00009dd0       ??8error_category@std@@QBE_NABV01@@Z 1001add0 f i ehl.ftpdata.save.obj
 0002:00009e10       ??8error_condition@std@@QBE_NABV01@@Z 1001ae10 f i ehl.ftpdata.save.obj
 0002:00009e90       ??9?$_List_const_iterator@V?$_List_val@U?$_List_simple_types@V?$basic_string@DU?$char_traits@D@std@@V?$allocator@D@2@@std@@@std@@@std@@@std@@QBE_NABV01@@Z 1001ae90 f i ehl.ftpdata.save.obj
 0002:00009ee0       ??9?$_Tree_const_iterator@V?$_Tree_val@U?$_Tree_simple_types@U?$pair@$$CBV?$basic_string@DU?$char_traits@D@std@@V?$allocator@D@2@@std@@H@std@@@std@@@std@@@std@@QBE_NABV01@@Z 1001aee0 f i ehl.ftpdata.save.obj
 0002:00009f30       ??9?$_Tree_const_iterator@V?$_Tree_val@U?$_Tree_simple_types@U?$pair@$$CBV?$basic_string@DU?$char_traits@D@std@@V?$allocator@D@2@@std@@V12@@std@@@std@@@std@@@std@@QBE_NABV01@@Z 1001af30 f i ehl.ftpdata.save.obj
[...]
 0003:00001c18       ??_C@_1CFG@FGJHCIBH@?$AAs?$AAt?$AAd?$AA?3?$AA?3?$AA_?$AAT?$AAr?$AAe?$AAe?$AA_?$AAc?$AAo?$AAn?$AAs?$AAt?$AA_?$AAi?$AAt?$AAe?$AAr?$AAa?$AAt?$AAo?$AAr?$AA?$DM?$AAc?$AAl?$AAa?$AAs?$AAs?$AA?5@ 10030c18     ehl.ftpdata.save.obj
 0003:00001ee8       ??_C@_1DI@MDELDGPI@?$AAl?$AAi?$AAs?$AAt?$AA?5?$AAi?$AAt?$AAe?$AAr?$AAa?$AAt?$AAo?$AAr?$AAs?$AA?5?$AAi?$AAn?$AAc?$AAo?$AAm?$AAp?$AAa?$AAt?$AAi?$AAb?$AAl?$AAe?$AA?$AA@ 10030ee8     ehl.ftpdata.save.obj
 0003:00001f30       ??_C@_1BHC@NDDHDPAC@?$AAs?$AAt?$AAd?$AA?3?$AA?3?$AA_?$AAL?$AAi?$AAs?$AAt?$AA_?$AAc?$AAo?$AAn?$AAs?$AAt?$AA_?$AAi?$AAt?$AAe?$AAr?$AAa?$AAt?$AAo?$AAr?$AA?$DM?$AAc?$AAl?$AAa?$AAs?$AAs?$AA?5@ 10030f30     ehl.ftpdata.save.obj
 0003:000020ec       ??_C@_0BA@JFNIOLAK@string?5too?5long?$AA@ 100310ec     ehl.ftpdata.save.obj
 0003:00002100       ??_C@_1EE@BBMFLDOC@?$AAl?$AAi?$AAs?$AAt?$AA?5?$AAe?$AAr?$AAa?$AAs?$AAe?$AA?5?$AAi?$AAt?$AAe?$AAr?$AAa?$AAt?$AAo?$AAr?$AA?5?$AAo?$AAu?$AAt?$AAs?$AAi?$AAd?$AAe?$AA?5?$AAr?$AAa?$AAn?$AAg@ 10031100     ehl.ftpdata.save.obj
 0003:00002158       ??_C@_1EA@DOGAGKDH@?$AAl?$AAi?$AAs?$AAt?$AA?5?$AAi?$AAt?$AAe?$AAr?$AAa?$AAt?$AAo?$AAr?$AA?5?$AAn?$AAo?$AAt?$AA?5?$AAi?$AAn?$AAc?$AAr?$AAe?$AAm?$AAe?$AAn?$AAt?$AAa?$AAb?$AAl?$AAe?$AA?$AA@ 10031158     ehl.ftpdata.save.obj
 0003:000021a8       ??_C@_1BHC@HDMKNGMH@?$AAs?$AAt?$AAd?$AA?3?$AA?3?$AA_?$AAL?$AAi?$AAs?$AAt?$AA_?$AAc?$AAo?$AAn?$AAs?$AAt?$AA_?$AAi?$AAt?$AAe?$AAr?$AAa?$AAt?$AAo?$AAr?$AA?$DM?$AAc?$AAl?$AAa?$AAs?$AAs?$AA?5@ 100311a8     ehl.ftpdata.save.obj
 0003:00002368       ??_C@_1EK@PPDBPCAN@?$AAm?$AAa?$AAp?$AA?1?$AAs?$AAe?$AAt?$AA?5?$AAe?$AAr?$AAa?$AAs?$AAe?$AA?5?$AAi?$AAt?$AAe?$AAr?$AAa?$AAt?$AAo?$AAr?$AA?5?$AAo?$AAu?$AAt?$AAs?$AAi?$AAd?$AAe?$AA?5?$AAr@ 10031368     ehl.ftpdata.save.obj
 0003:000023c0       ??_C@_1BKK@NKNEDAJK@?$AAs?$AAt?$AAd?$AA?3?$AA?3?$AA_?$AAT?$AAr?$AAe?$AAe?$AA_?$AAc?$AAo?$AAn?$AAs?$AAt?$AA_?$AAi?$AAt?$AAe?$AAr?$AAa?$AAt?$AAo?$AAr?$AA?$DM?$AAc?$AAl?$AAa?$AAs?$AAs?$AA?5@ 100313c0     ehl.ftpdata.save.obj
 0003:000025c0       ??_C@_1EG@EHJFMBHJ@?$AAm?$AAa?$AAp?$AA?1?$AAs?$AAe?$AAt?$AA?5?$AAi?$AAt?$AAe?$AAr?$AAa?$AAt?$AAo?$AAr?$AA?5?$AAn?$AAo?$AAt?$AA?5?$AAi?$AAn?$AAc?$AAr?$AAe?$AAm?$AAe?$AAn?$AAt?$AAa?$AAb@ 100315c0     ehl.ftpdata.save.obj
 0003:00002618       ??_C@_1CFG@PGGKMBNC@?$AAs?$AAt?$AAd?$AA?3?$AA?3?$AA_?$AAT?$AAr?$AAe?$AAe?$AA_?$AAc?$AAo?$AAn?$AAs?$AAt?$AA_?$AAi?$AAt?$AAe?$AAr?$AAa?$AAt?$AAo?$AAr?$AA?$DM?$AAc?$AAl?$AAa?$AAs?$AAs?$AA?5@ 10031618     ehl.ftpdata.save.obj
 0003:000028e8       ??_C@_1BKM@BBBIHDHC@?$AAs?$AAt?$AAd?$AA?3?$AA?3?$AA_?$AAT?$AAr?$AAe?$AAe?$AA_?$AAc?$AAo?$AAn?$AAs?$AAt?$AA_?$AAi?$AAt?$AAe?$AAr?$AAa?$AAt?$AAo?$AAr?$AA?$DM?$AAc?$AAl?$AAa?$AAs?$AAs?$AA?5@ 100318e8     ehl.ftpdata.save.obj
 0003:00002aec       ??_C@_1CK@EOPGIILJ@?$AAi?$AAn?$AAv?$AAa?$AAl?$AAi?$AAd?$AA?5?$AAn?$AAu?$AAl?$AAl?$AA?5?$AAp?$AAo?$AAi?$AAn?$AAt?$AAe?$AAr?$AA?$AA@ 10031aec     ehl.ftpdata.save.obj
 0003:00002b20       ??_C@_1CE@IGJMOCCK@?$AAi?$AAn?$AAv?$AAa?$AAl?$AAi?$AAd?$AA?5?$AAo?$AAp?$AAe?$AAr?$AAa?$AAt?$AAo?$AAr?$AA?$DM?$AA?$AA@ 10031b20     ehl.ftpdata.save.obj
 0003:00002b4c       ??_C@_0BB@MOGOBHAF@list?$DMT?$DO?5too?5long?$AA@ 10031b4c     ehl.ftpdata.save.obj
 0003:00002b60       ??_C@_1EM@MHOKKPFH@?$AAm?$AAa?$AAp?$AA?1?$AAs?$AAe?$AAt?$AA?5?$AAi?$AAn?$AAs?$AAe?$AAr?$AAt?$AA?5?$AAi?$AAt?$AAe?$AAr?$AAa?$AAt?$AAo?$AAr?$AA?5?$AAo?$AAu?$AAt?$AAs?$AAi?$AAd?$AAe?$AA?5@ 10031b60     ehl.ftpdata.save.obj
 0003:00002bc0       ??_C@_1EG@OKCGOALM@?$AAm?$AAa?$AAp?$AA?1?$AAs?$AAe?$AAt?$AA?5?$AAi?$AAt?$AAe?$AAr?$AAa?$AAt?$AAo?$AAr?$AA?5?$AAn?$AAo?$AAt?$AA?5?$AAd?$AAe?$AAc?$AAr?$AAe?$AAm?$AAe?$AAn?$AAt?$AAa?$AAb@ 10031bc0     ehl.ftpdata.save.obj
 0003:00002c18       ??_C@_1BKM@OCCKMPLD@?$AAs?$AAt?$AAd?$AA?3?$AA?3?$AA_?$AAT?$AAr?$AAe?$AAe?$AA_?$AAc?$AAo?$AAn?$AAs?$AAt?$AA_?$AAi?$AAt?$AAe?$AAr?$AAa?$AAt?$AAo?$AAr?$AA?$DM?$AAc?$AAl?$AAa?$AAs?$AAs?$AA?5@ 10031c18     ehl.ftpdata.save.obj
 0003:00002e20       ??_C@_1CFG@FFIHNBD@?$AAs?$AAt?$AAd?$AA?3?$AA?3?$AA_?$AAT?$AAr?$AAe?$AAe?$AA_?$AAc?$AAo?$AAn?$AAs?$AAt?$AA_?$AAi?$AAt?$AAe?$AAr?$AAa?$AAt?$AAo?$AAr?$AA?$DM?$AAc?$AAl?$AAa?$AAs?$AAs?$AA?5@ 10031e20     ehl.ftpdata.save.obj
 0003:000030f0       ??_C@_0BE@JONHPENG@map?1set?$DMT?$DO?5too?5long?$AA@ 100320f0     ehl.ftpdata.save.obj
 0003:00003180       ??_C@_0EH@NOIOHHKE@?6?5init?5trans?5hostip?$CI?$CFs?$CJ?0kkbh?$CI?$CFs?$CJ@ 10032180     webref_wxtracert.obj
 0003:000031d8       ??_C@_0OL@FIBCNPBJ@?6kkbh?$CI?$CFs?$CJ?0fxlx?$CI?$CFs?$CJ?0cdh?$CI?$CFd?$CJ?0hphm?$CI@ 100321d8     webref_wxtracert.obj
 0003:000032f4       ??_C@_0BP@BHDDBAKH@write?5vehicle?5info?5return?5?$FL?$CFd?$FN?$AA@ 100322f4     webref_wxtracert.obj
 0003:00003320       ??_C@_1MC@KPMPFEII@?$AA?$CI?$AA_?$AA_?$AAo?$AAn?$AAe?$AAx?$AAi?$AAt?$AAb?$AAe?$AAg?$AAi?$AAn?$AA?5?$AA?$CB?$AA?$DN?$AA?5?$AAN?$AAU?$AAL?$AAL?$AA?5?$AA?$CG?$AA?$CG?$AA?5?$AA_?$AA_?$AAo?$AAn?$AAe?$AAx@ 10032320     MSVCRTD:atonexit.obj
 0003:00003408       ??_C@_1FK@IGIDCAPD@?$AAf?$AA?3?$AA?2?$AAd?$AAd?$AA?2?$AAv?$AAc?$AAt?$AAo?$AAo?$AAl?$AAs?$AA?2?$AAc?$AAr?$AAt?$AA?2?$AAc?$AAr?$AAt?$AAw?$AA3?$AA2?$AA?2?$AAd?$AAl?$AAl?$AAs?$AAt?$AAu?$AAf@ 10032408     MSVCRTD:atonexit.obj
 0003:00003474       ??_C@_0CN@LMJJPMEG@f?3?2dd?2vctools?2crt?2crtw32?2dllstuf@ 10032474     MSVCRTD:atonexit.obj
 0003:000034b0       ??_7type_info@@6B@         100324b0     MSVCRTD:ti_inst.obj
 0003:000034b8       __pRawDllMain              100324b8     MSVCRTD:crtdll.obj
 0003:000034b8       __pDefaultRawDllMain       100324b8     MSVCRTD:crtdll.obj
 0003:000034bc       ??_C@_0CL@CCAGLLEM@f?3?2dd?2vctools?2crt?2crtw32?2dllstuf@ 100324bc     MSVCRTD:crtdll.obj
 0003:000034fc       ?ProcessDetach@NativeDll@<CrtImplementationDetails>@@0IB 100324fc     MSVCRTD:initsect.obj
 0003:00003500       ?ProcessAttach@NativeDll@<CrtImplementationDetails>@@0IB 10032500     MSVCRTD:initsect.obj
 0003:00003504       ?ThreadAttach@NativeDll@<CrtImplementationDetails>@@0IB 10032504     MSVCRTD:initsect.obj
 0003:00003508       ?ThreadDetach@NativeDll@<CrtImplementationDetails>@@0IB 10032508     MSVCRTD:initsect.obj
 0003:0000350c       ?ProcessVerifier@NativeDll@<CrtImplementationDetails>@@0IB 1003250c     MSVCRTD:initsect.obj
 0003:00003510       __load_config_used         10032510     MSVCRTD:loadcfg.obj
 0003:000038d8       ??_R4error_category@std@@6B@ 100328d8     ehl.ftpdata.save.obj
 0003:000038f0       ??_R3error_category@std@@8 100328f0     ehl.ftpdata.save.obj
 0003:00003904       ??_R2error_category@std@@8 10032904     ehl.ftpdata.save.obj
 0003:0000390c       ??_R1A@?0A@EA@error_category@std@@8 1003290c     ehl.ftpdata.save.obj
 0003:00003930       ??_R4_Generic_error_category@std@@6B@ 10032930     ehl.ftpdata.save.obj
 0003:00003948       ??_R3_Generic_error_category@std@@8 10032948     ehl.ftpdata.save.obj
 0003:0000395c       ??_R2_Generic_error_category@std@@8 1003295c     ehl.ftpdata.save.obj
 0003:00003968       ??_R1A@?0A@EA@_Generic_error_category@std@@8 10032968     ehl.ftpdata.save.obj
 0003:0000398c       ??_R4_Iostream_error_category@std@@6B@ 1003298c     ehl.ftpdata.save.obj
 0003:000039a4       ??_R3_Iostream_error_category@std@@8 100329a4     ehl.ftpdata.save.obj
 0003:000039b8       ??_R2_Iostream_error_category@std@@8 100329b8     ehl.ftpdata.save.obj
 0003:000039c8       ??_R1A@?0A@EA@_Iostream_error_category@std@@8 100329c8     ehl.ftpdata.save.obj
 0003:000039ec       ??_R4_System_error_category@std@@6B@ 100329ec     ehl.ftpdata.save.obj
 0003:00003a04       ??_R3_System_error_category@std@@8 10032a04     ehl.ftpdata.save.obj
 0003:00003a18       ??_R2_System_error_category@std@@8 10032a18     ehl.ftpdata.save.obj
 0003:00003a28       ??_R1A@?0A@EA@_System_error_category@std@@8 10032a28     ehl.ftpdata.save.obj
 0003:00003a4c       ??_R4type_info@@6B@        10032a4c     MSVCRTD:ti_inst.obj
 0003:00003a64       ??_R3type_info@@8          10032a64     MSVCRTD:ti_inst.obj
 0003:00003a78       ??_R2type_info@@8          10032a78     MSVCRTD:ti_inst.obj
 0003:00003a80       ??_R1A@?0A@EA@type_info@@8 10032a80     MSVCRTD:ti_inst.obj
 0003:00003bac       ___rtc_iaa                 10032bac     MSVCRTD:initsect.obj
 0003:00003cb0       ___rtc_izz                 10032cb0     MSVCRTD:initsect.obj
 0003:00003db4       ___rtc_taa                 10032db4     MSVCRTD:initsect.obj
 0003:00003eb8       ___rtc_tzz                 10032eb8     MSVCRTD:initsect.obj
 0004:00000000       ?deffilename@@3PBDB        10035000     ehl.ftpdata.save.obj
 0004:00000004       ?strtmpdef@@3PAY01PBDA     10035004     ehl.ftpdata.save.obj
 0004:0000002c       ?strnull@@3PADA            1003502c     ehl.ftpdata.save.obj
 0004:00000040       ?soap_endpointwx@@3PADA    10035040     webref_wxtracert.obj
 0004:00000174       ___security_cookie         10035174     MSVCRTD:gs_cookie.obj
 0004:00000178       ___security_cookie_complement 10035178     MSVCRTD:gs_cookie.obj
 0004:00000180       ___native_dllmain_reason   10035180     MSVCRTD:natstart.obj
 0004:0000028c       ??_R0?AVerror_category@std@@@8 1003528c     ehl.ftpdata.save.obj
 0004:000002b4       ??_R0?AV_Generic_error_category@std@@@8 100352b4     ehl.ftpdata.save.obj
 0004:000002e8       ??_R0?AV_Iostream_error_category@std@@@8 100352e8     ehl.ftpdata.save.obj
 0004:0000031c       ??_R0?AV_System_error_category@std@@@8 1003531c     ehl.ftpdata.save.obj
 0004:00000350       ??_R0?AVtype_info@@@8      10035350     MSVCRTD:ti_inst.obj
 0004:00000474       ?g_work@@3Vc_work@@A       10035474     ehl.ftpdata.save.obj
 0004:00000478       ?g_datafile_convert_hkfilename@@3Vc_data_convert_hkfilename@@A 10035478     ehl.ftpdata.save.obj
 0004:00000c5c       ?gwaitproc_info@@3Vwaitproc_info@@A 10035c5c     ehl.ftpdata.save.obj
 0004:00000c6c       ?gmux@@3Vmux@@A            10035c6c     ehl.ftpdata.save.obj
 0004:00000e24       ?_Generic_object@?$_Error_objects@H@std@@2V_Generic_error_category@2@A 10035e24     ehl.ftpdata.save.obj
 0004:00000e28       ?_Iostream_object@?$_Error_objects@H@std@@2V_Iostream_error_category@2@A 10035e28     ehl.ftpdata.save.obj
 0004:00000e2c       ?_System_object@?$_Error_objects@H@std@@2V_System_error_category@2@A 10035e2c     ehl.ftpdata.save.obj
 0004:00000e30       ?id@?$num_put@DV?$back_insert_iterator@V?$basic_string@DU?$char_traits@D@std@@V?$allocator@D@2@@std@@@std@@@std@@2V0locale@2@A 10035e30     ehl.ftpdata.save.obj
 0004:00000e34       ?id@?$num_put@_WV?$back_insert_iterator@V?$basic_string@_WU?$char_traits@_W@std@@V?$allocator@_W@2@@std@@@std@@@std@@2V0locale@2@A 10035e34     ehl.ftpdata.save.obj
 0004:00000e38       ?tmage@@3VTmriAgent@@A     10035e38     webref_wxtracert.obj
 0004:00001208       ?__type_info_root_node@@3U__type_info_node@@A 10036208     MSVCRTD:tncleanup.obj
 0004:00001214       ___native_startup_lock     10036214     <common>
 0004:00001224       ___native_startup_state    10036224     <common>
 0004:00001228       ___dyn_tls_init_callback   10036228     <common>
 0004:00001234       ___onexitend               10036234     <common>
 0004:00001244       ___onexitbegin             10036244     <common>
 0005:00000000       __imp_?InitTrans@TmriAgent@@QAEJPBD0J00@Z 10037000     HTAgent:HTAgent.dll
 0005:00000004       __imp_??0TmriAgent@@QAE@XZ 10037004     HTAgent:HTAgent.dll
 0005:00000008       __imp_?WriteVehicleInfo@TmriAgent@@QAEJPBD0J000JJ0J0000000000000@Z 10037008     HTAgent:HTAgent.dll
 0005:0000000c       \177HTAgent_NULL_THUNK_DATA 1003700c     HTAgent:HTAgent.dll
 0005:00000038       __imp__iconv               10037038     iconv:ICONV.DLL
 0005:0000003c       __imp__iconv_open          1003703c     iconv:ICONV.DLL
 0005:00000040       __imp__iconv_close         10037040     iconv:ICONV.DLL
 0005:00000044       \177ICONV_NULL_THUNK_DATA  10037044     iconv:ICONV.DLL
 0005:00000070       __imp__EnterCriticalSection@4 10037070     kernel32:KERNEL32.dll
 0005:00000074       __imp__LeaveCriticalSection@4 10037074     kernel32:KERNEL32.dll
 0005:00000078       __imp__DeleteCriticalSection@4 10037078     kernel32:KERNEL32.dll
 0005:0000007c       __imp__InitializeCriticalSection@4 1003707c     kernel32:KERNEL32.dll
 0005:00000080       __imp__CreateDirectoryA@8  10037080     kernel32:KERNEL32.dll
 0005:00000084       __imp__GetModuleFileNameA@12 10037084     kernel32:KERNEL32.dll
 0005:00000088       __imp__lstrlenA@4          10037088     kernel32:KERNEL32.dll
 0005:0000008c       __imp__WritePrivateProfileStringA@16 1003708c     kernel32:KERNEL32.dll
 0005:00000090       __imp__GetPrivateProfileSectionA@16 10037090     kernel32:KERNEL32.dll
 0005:00000094       __imp__GetPrivateProfileSectionNamesA@12 10037094     kernel32:KERNEL32.dll
 0005:00000098       __imp__GetLocalTime@4      10037098     kernel32:KERNEL32.dll
 0005:0000009c       __imp__GetSystemTimeAsFileTime@4 1003709c     kernel32:KERNEL32.dll
 0005:000000a0       __imp__Sleep@4             100370a0     kernel32:KERNEL32.dll
 0005:000000a4       __imp__DisableThreadLibraryCalls@4 100370a4     kernel32:KERNEL32.dll
 0005:000000a8       __imp__GetCurrentProcessId@0 100370a8     kernel32:KERNEL32.dll
 0005:000000ac       __imp__QueryPerformanceCounter@4 100370ac     kernel32:KERNEL32.dll
 0005:000000b0       __imp__IsProcessorFeaturePresent@4 100370b0     kernel32:KERNEL32.dll
 0005:000000b4       __imp__IsDebuggerPresent@0 100370b4     kernel32:KERNEL32.dll
 0005:000000b8       __imp__DecodePointer@4     100370b8     kernel32:KERNEL32.dll
 0005:000000bc       __imp__EncodePointer@4     100370bc     kernel32:KERNEL32.dll
 0005:000000c0       __imp__GetCurrentThreadId@0 100370c0     kernel32:KERNEL32.dll
 0005:000000c4       \177KERNEL32_NULL_THUNK_DATA 100370c4     kernel32:KERNEL32.dll
 0005:00000100       __imp_?_Xbad_alloc@std@@YAXXZ 10037100     msvcprtd:MSVCP120D.dll
 0005:00000104       __imp_?_Xlength_error@std@@YAXPBD@Z 10037104     msvcprtd:MSVCP120D.dll
 0005:00000108       __imp_?_Xout_of_range@std@@YAXPBD@Z 10037108     msvcprtd:MSVCP120D.dll
 0005:0000010c       __imp_??0id@locale@std@@QAE@I@Z 1003710c     msvcprtd:MSVCP120D.dll
 0005:00000110       __imp_?_Syserror_map@std@@YAPBDH@Z 10037110     msvcprtd:MSVCP120D.dll
 0005:00000114       __imp_?_Winerror_map@std@@YAPBDH@Z 10037114     msvcprtd:MSVCP120D.dll
 0005:00000118       __imp_??1_Lockit@std@@QAE@XZ 10037118     msvcprtd:MSVCP120D.dll
 0005:0000011c       __imp_?_Debug_message@std@@YAXPB_W0I@Z 1003711c     msvcprtd:MSVCP120D.dll
 0005:00000120       __imp_??0_Container_base12@std@@QAE@XZ 10037120     msvcprtd:MSVCP120D.dll
 0005:00000124       __imp_??1_Container_base12@std@@QAE@XZ 10037124     msvcprtd:MSVCP120D.dll
 0005:00000128       __imp_?_Getpfirst@_Container_base12@std@@QBEPAPAU_Iterator_base12@2@XZ 10037128     msvcprtd:MSVCP120D.dll
 0005:0000012c       __imp_??0_Lockit@std@@QAE@H@Z 1003712c     msvcprtd:MSVCP120D.dll
 0005:00000130       __imp_?_Orphan_all@_Container_base12@std@@QAEXXZ 10037130     msvcprtd:MSVCP120D.dll
 0005:00000134       \177MSVCP120D_NULL_THUNK_DATA 10037134     msvcprtd:MSVCP120D.dll
 0005:00000168       __imp__atoi                10037168     MSVCRTD:MSVCR120D.dll
 0005:0000016c       __imp__sprintf             1003716c     MSVCRTD:MSVCR120D.dll
 0005:00000170       __imp__system              10037170     MSVCRTD:MSVCR120D.dll
 0005:00000174       __imp___splitpath          10037174     MSVCRTD:MSVCR120D.dll
 0005:00000178       __imp__memchr              10037178     MSVCRTD:MSVCR120D.dll
 0005:0000017c       __imp__memcmp              1003717c     MSVCRTD:MSVCR120D.dll
 0005:00000180       __imp__memcpy              10037180     MSVCRTD:MSVCR120D.dll
 0005:00000184       __imp__memset              10037184     MSVCRTD:MSVCR120D.dll
 0005:00000188       __imp__strcat              10037188     MSVCRTD:MSVCR120D.dll
 0005:0000018c       __imp__strcmp              1003718c     MSVCRTD:MSVCR120D.dll
 0005:00000190       __imp__strlen              10037190     MSVCRTD:MSVCR120D.dll
 0005:00000194       __imp__memmove             10037194     MSVCRTD:MSVCR120D.dll
 0005:00000198       __imp__strtok              10037198     MSVCRTD:MSVCR120D.dll
 0005:0000019c       __imp___CrtDbgReportW      1003719c     MSVCRTD:MSVCR120D.dll
 0005:000001a0       __imp___close              100371a0     MSVCRTD:MSVCR120D.dll
 0005:000001a4       __imp___write              100371a4     MSVCRTD:MSVCR120D.dll
 0005:000001a8       __imp__printf              100371a8     MSVCRTD:MSVCR120D.dll
 0005:000001ac       __imp___beginthread        100371ac     MSVCRTD:MSVCR120D.dll
 0005:000001b0       __imp___CxxThrowException@8 100371b0     MSVCRTD:MSVCR120D.dll
 0005:000001b4       __imp____CxxFrameHandler3  100371b4     MSVCRTD:MSVCR120D.dll
 0005:000001b8       __imp___lock               100371b8     MSVCRTD:MSVCR120D.dll
 0005:000001bc       __imp___unlock             100371bc     MSVCRTD:MSVCR120D.dll
 0005:000001c0       __imp___calloc_dbg         100371c0     MSVCRTD:MSVCR120D.dll
 0005:000001c4       __imp____dllonexit         100371c4     MSVCRTD:MSVCR120D.dll
 0005:000001c8       __imp___onexit             100371c8     MSVCRTD:MSVCR120D.dll
 0005:000001cc       __imp_??1type_info@@UAE@XZ 100371cc     MSVCRTD:MSVCR120D.dll
 0005:000001d0       __imp____CppXcptFilter     100371d0     MSVCRTD:MSVCR120D.dll
 0005:000001d4       __imp___amsg_exit          100371d4     MSVCRTD:MSVCR120D.dll
 0005:000001d8       __imp___malloc_dbg         100371d8     MSVCRTD:MSVCR120D.dll
 0005:000001dc       __imp___free_dbg           100371dc     MSVCRTD:MSVCR120D.dll
 0005:000001e0       __imp___CrtSetCheckCount   100371e0     MSVCRTD:MSVCR120D.dll
 0005:000001e4       __imp___initterm           100371e4     MSVCRTD:MSVCR120D.dll
 0005:000001e8       __imp___initterm_e         100371e8     MSVCRTD:MSVCR120D.dll
 0005:000001ec       __imp___except_handler4_common 100371ec     MSVCRTD:MSVCR120D.dll
 0005:000001f0       __imp___crt_debugger_hook  100371f0     MSVCRTD:MSVCR120D.dll
 0005:000001f4       __imp____crtUnhandledException 100371f4     MSVCRTD:MSVCR120D.dll
 0005:000001f8       __imp____crtTerminateProcess 100371f8     MSVCRTD:MSVCR120D.dll
 0005:000001fc       __imp_?terminate@@YAXXZ    100371fc     MSVCRTD:MSVCR120D.dll
 0005:00000200       __imp____clean_type_info_names_internal 10037200     MSVCRTD:MSVCR120D.dll
 0005:00000204       __imp___hypot              10037204     MSVCRTD:MSVCR120D.dll
 0005:00000208       __imp___invalid_parameter  10037208     MSVCRTD:MSVCR120D.dll
 0005:0000020c       __imp_??3@YAXPAX@Z         1003720c     MSVCRTD:MSVCR120D.dll
 0005:00000210       __imp_??2@YAPAXI@Z         10037210     MSVCRTD:MSVCR120D.dll
 0005:00000214       __imp___purecall           10037214     MSVCRTD:MSVCR120D.dll
 0005:00000218       __imp_?_open@@YAHPBDHH@Z   10037218     MSVCRTD:MSVCR120D.dll
 0005:0000021c       __imp__atol                1003721c     MSVCRTD:MSVCR120D.dll
 0005:00000220       \177MSVCR120D_NULL_THUNK_DATA 10037220     MSVCRTD:MSVCR120D.dll
 0005:00000270       __imp__PathIsDirectoryA@4  10037270     Shlwapi:SHLWAPI.dll
 0005:00000274       \177SHLWAPI_NULL_THUNK_DATA 10037274     Shlwapi:SHLWAPI.dll
 0005:000002a0       __IMPORT_DESCRIPTOR_SHLWAPI 100372a0     Shlwapi:SHLWAPI.dll
 0005:000002b4       __IMPORT_DESCRIPTOR_ICONV  100372b4     iconv:ICONV.DLL
 0005:000002c8       __IMPORT_DESCRIPTOR_KERNEL32 100372c8     kernel32:KERNEL32.dll
 0005:000002dc       __IMPORT_DESCRIPTOR_HTAgent 100372dc     HTAgent:HTAgent.dll
 0005:000002f0       __IMPORT_DESCRIPTOR_MSVCP120D 100372f0     msvcprtd:MSVCP120D.dll
 0005:00000304       __IMPORT_DESCRIPTOR_MSVCR120D 10037304     MSVCRTD:MSVCR120D.dll
 0005:00000318       __NULL_IMPORT_DESCRIPTOR   10037318     Shlwapi:SHLWAPI.dll

 entry point at        0002:0000079e


 Exports

  ordinal    name

        1    _init_work_mode@8
               exported name: init_work_mode
        2    _plug_proc_data@16
               exported name: plug_proc_data
